Archive member included to satisfy reference by file (symbol)

../Utilities/STM32F4-Discovery/\libPDMFilter_IAR.a(pdm_filter.o)
                              out/waverecorder.o (PDM_Filter_64_LSB)
c:/program files (x86)/gnu arm embedded toolchain/10 2021.10/bin/../lib/gcc/arm-none-eabi/10.3.1/thumb/v7e-m+fp/hard\libgcc.a(_arm_muldf3.o)
                              ../Utilities/STM32F4-Discovery/\libPDMFilter_IAR.a(pdm_filter.o) (__aeabi_dmul)
c:/program files (x86)/gnu arm embedded toolchain/10 2021.10/bin/../lib/gcc/arm-none-eabi/10.3.1/thumb/v7e-m+fp/hard\libgcc.a(_arm_mulsf3.o)
                              ../Utilities/STM32F4-Discovery/\libPDMFilter_IAR.a(pdm_filter.o) (__aeabi_fmul)
c:/program files (x86)/gnu arm embedded toolchain/10 2021.10/bin/../lib/gcc/arm-none-eabi/10.3.1/thumb/v7e-m+fp/hard\libgcc.a(_arm_addsubdf3.o)
                              ../Utilities/STM32F4-Discovery/\libPDMFilter_IAR.a(pdm_filter.o) (__aeabi_dadd)
c:/program files (x86)/gnu arm embedded toolchain/10 2021.10/bin/../lib/gcc/arm-none-eabi/10.3.1/thumb/v7e-m+fp/hard\libgcc.a(_arm_muldivdf3.o)
                              ../Utilities/STM32F4-Discovery/\libPDMFilter_IAR.a(pdm_filter.o) (__aeabi_ddiv)
c:/program files (x86)/gnu arm embedded toolchain/10 2021.10/bin/../lib/gcc/arm-none-eabi/10.3.1/thumb/v7e-m+fp/hard\libgcc.a(_arm_fixdfsi.o)
                              ../Utilities/STM32F4-Discovery/\libPDMFilter_IAR.a(pdm_filter.o) (__aeabi_d2iz)
c:/program files (x86)/gnu arm embedded toolchain/10 2021.10/bin/../lib/gcc/arm-none-eabi/10.3.1/thumb/v7e-m+fp/hard\libgcc.a(_arm_cmpsf2.o)
                              ../Utilities/STM32F4-Discovery/\libPDMFilter_IAR.a(pdm_filter.o) (__aeabi_cfcmpeq)

Discarded input sections

 .text          0x00000000       0x14 out/startup_stm32f4xx.o
 .data          0x00000000        0x0 out/startup_stm32f4xx.o
 .bss           0x00000000        0x0 out/startup_stm32f4xx.o
 .group         0x00000000        0xc out/main.o
 .group         0x00000000        0xc out/main.o
 .group         0x00000000        0xc out/main.o
 .group         0x00000000        0xc out/main.o
 .group         0x00000000        0xc out/main.o
 .group         0x00000000        0xc out/main.o
 .group         0x00000000        0xc out/main.o
 .group         0x00000000        0xc out/main.o
 .group         0x00000000        0xc out/main.o
 .group         0x00000000        0xc out/main.o
 .group         0x00000000        0xc out/main.o
 .group         0x00000000        0xc out/main.o
 .group         0x00000000        0xc out/main.o
 .group         0x00000000        0xc out/main.o
 .group         0x00000000        0xc out/main.o
 .group         0x00000000        0xc out/main.o
 .group         0x00000000        0xc out/main.o
 .group         0x00000000        0xc out/main.o
 .group         0x00000000        0xc out/main.o
 .group         0x00000000        0xc out/main.o
 .group         0x00000000        0xc out/main.o
 .group         0x00000000        0xc out/main.o
 .group         0x00000000        0xc out/main.o
 .group         0x00000000        0xc out/main.o
 .group         0x00000000        0xc out/main.o
 .group         0x00000000        0xc out/main.o
 .group         0x00000000        0xc out/main.o
 .group         0x00000000        0xc out/main.o
 .group         0x00000000        0xc out/main.o
 .group         0x00000000        0xc out/main.o
 .group         0x00000000        0xc out/main.o
 .group         0x00000000        0xc out/main.o
 .group         0x00000000        0xc out/main.o
 .group         0x00000000        0xc out/main.o
 .group         0x00000000        0xc out/main.o
 .group         0x00000000        0xc out/main.o
 .group         0x00000000        0xc out/main.o
 .group         0x00000000        0xc out/main.o
 .group         0x00000000        0xc out/main.o
 .group         0x00000000        0xc out/main.o
 .group         0x00000000        0xc out/main.o
 .group         0x00000000        0xc out/main.o
 .group         0x00000000        0xc out/main.o
 .group         0x00000000        0xc out/main.o
 .group         0x00000000        0xc out/main.o
 .group         0x00000000        0xc out/main.o
 .group         0x00000000        0xc out/main.o
 .group         0x00000000        0xc out/main.o
 .group         0x00000000        0xc out/main.o
 .group         0x00000000        0xc out/main.o
 .group         0x00000000        0xc out/main.o
 .group         0x00000000        0xc out/main.o
 .group         0x00000000        0xc out/main.o
 .group         0x00000000        0xc out/main.o
 .group         0x00000000        0xc out/main.o
 .group         0x00000000        0xc out/main.o
 .group         0x00000000        0xc out/main.o
 .group         0x00000000        0xc out/main.o
 .text          0x00000000        0x0 out/main.o
 .data          0x00000000        0x0 out/main.o
 .bss           0x00000000        0x0 out/main.o
 .text.delay_ms
                0x00000000       0x34 out/main.o
[...]
Memory Configuration

Name             Origin             Length             Attributes
FLASH            0x08000000         0x00100000         xr
RAM              0x20000000         0x00020000         xrw
CCMRAM           0x10000000         0x00010000         rw
*default*        0x00000000         0xffffffff

Linker script and memory map

LOAD out/startup_stm32f4xx.o
LOAD out/main.o
LOAD out/stm32f4xx_it.o
LOAD out/system_stm32f4xx.o
LOAD out/usb_bsp.o
LOAD out/usbd_desc.o
LOAD out/usbd_usr.o
LOAD out/waverecorder.o
LOAD out/usb_core.o
LOAD out/usb_dcd.o
LOAD out/usb_dcd_int.o
LOAD out/usbd_audio_core.o
LOAD out/usbd_audio_out_if.o
LOAD out/stm32f4_discovery.o
LOAD out/stm32f4_discovery_audio_codec.o
LOAD out/usbd_core.o
LOAD out/usbd_ioreq.o
LOAD out/usbd_req.o
LOAD out/misc.o
LOAD out/stm32f4xx_adc.o
LOAD out/stm32f4xx_can.o
LOAD out/stm32f4xx_crc.o
LOAD out/stm32f4xx_cryp.o
LOAD out/stm32f4xx_cryp_aes.o
LOAD out/stm32f4xx_cryp_des.o
LOAD out/stm32f4xx_cryp_tdes.o
LOAD out/stm32f4xx_dac.o
LOAD out/stm32f4xx_dbgmcu.o
LOAD out/stm32f4xx_dcmi.o
LOAD out/stm32f4xx_dma.o
LOAD out/stm32f4xx_exti.o
LOAD out/stm32f4xx_flash.o
LOAD out/stm32f4xx_fsmc.o
LOAD out/stm32f4xx_gpio.o
LOAD out/stm32f4xx_hash.o
LOAD out/stm32f4xx_hash_md5.o
LOAD out/stm32f4xx_hash_sha1.o
LOAD out/stm32f4xx_i2c.o
LOAD out/stm32f4xx_iwdg.o
LOAD out/stm32f4xx_pwr.o
LOAD out/stm32f4xx_rcc.o
LOAD out/stm32f4xx_rng.o
LOAD out/stm32f4xx_rtc.o
LOAD out/stm32f4xx_sdio.o
LOAD out/stm32f4xx_spi.o
LOAD out/stm32f4xx_syscfg.o
LOAD out/stm32f4xx_tim.o
LOAD out/stm32f4xx_usart.o
LOAD out/stm32f4xx_wwdg.o
LOAD ../Utilities/STM32F4-Discovery/\libPDMFilter_IAR.a
LOAD c:/program files (x86)/gnu arm embedded toolchain/10 2021.10/bin/../lib/gcc/arm-none-eabi/10.3.1/../../../../arm-none-eabi/lib/thumb/v7e-m+fp/hard\libstdc++.a
LOAD c:/program files (x86)/gnu arm embedded toolchain/10 2021.10/bin/../lib/gcc/arm-none-eabi/10.3.1/../../../../arm-none-eabi/lib/thumb/v7e-m+fp/hard\libm.a
START GROUP
LOAD c:/program files (x86)/gnu arm embedded toolchain/10 2021.10/bin/../lib/gcc/arm-none-eabi/10.3.1/thumb/v7e-m+fp/hard\libgcc.a
LOAD c:/program files (x86)/gnu arm embedded toolchain/10 2021.10/bin/../lib/gcc/arm-none-eabi/10.3.1/../../../../arm-none-eabi/lib/thumb/v7e-m+fp/hard\libg.a
LOAD c:/program files (x86)/gnu arm embedded toolchain/10 2021.10/bin/../lib/gcc/arm-none-eabi/10.3.1/../../../../arm-none-eabi/lib/thumb/v7e-m+fp/hard\libc.a
END GROUP
                0x2001ffff                _estack = 0x2001ffff
                0x00000200                _Min_Heap_Size = 0x200
                0x00000400                _Min_Stack_Size = 0x400

.isr_vector     0x08000000      0x188
                0x08000000                . = ALIGN (0x4)
 *(.isr_vector)
 .isr_vector    0x08000000      0x188 out/startup_stm32f4xx.o
                0x08000000                g_pfnVectors
                0x08000188                . = ALIGN (0x4)

.text           0x08000188     0x5550
                0x08000188                . = ALIGN (0x4)
 *(.text)
 .text          0x08000188      0xd50 ../Utilities/STM32F4-Discovery/\libPDMFilter_IAR.a(pdm_filter.o)
                0x08000188                PDM_Filter_Init
                0x0800027c                PDM_Filter_64_LSB
                0x0800056a                PDM_Filter_80_LSB
                0x08000858                PDM_Filter_64_MSB
                0x08000b4a                PDM_Filter_80_MSB
 .text          0x08000ed8      0x168 c:/program files (x86)/gnu arm embedded toolchain/10 2021.10/bin/../lib/gcc/arm-none-eabi/10.3.1/thumb/v7e-m+fp/hard\libgcc.a(_arm_mulsf3.o)
                0x08000ed8                __aeabi_fmul
                0x08000ed8                __mulsf3
 .text          0x08001040      0x378 c:/program files (x86)/gnu arm embedded toolchain/10 2021.10/bin/../lib/gcc/arm-none-eabi/10.3.1/thumb/v7e-m+fp/hard\libgcc.a(_arm_addsubdf3.o)
                0x08001040                __aeabi_drsub
                0x08001048                __aeabi_dsub
                0x08001048                __subdf3
                0x0800104c                __aeabi_dadd
                0x0800104c                __adddf3
                0x080012c4                __floatunsidf
                0x080012c4                __aeabi_ui2d
                0x080012e4                __floatsidf
                0x080012e4                __aeabi_i2d
                0x08001308                __aeabi_f2d
                0x08001308                __extendsfdf2
                0x0800134c                __floatundidf
                0x0800134c                __aeabi_ul2d
                0x0800135c                __floatdidf
                0x0800135c                __aeabi_l2d
 .text          0x080013b8      0x424 c:/program files (x86)/gnu arm embedded toolchain/10 2021.10/bin/../lib/gcc/arm-none-eabi/10.3.1/thumb/v7e-m+fp/hard\libgcc.a(_arm_muldivdf3.o)
                0x080013b8                __aeabi_dmul
                0x080013b8                __muldf3
                0x0800160c                __divdf3
                0x0800160c                __aeabi_ddiv
 .text          0x080017dc       0x50 c:/program files (x86)/gnu arm embedded toolchain/10 2021.10/bin/../lib/gcc/arm-none-eabi/10.3.1/thumb/v7e-m+fp/hard\libgcc.a(_arm_fixdfsi.o)
                0x080017dc                __aeabi_d2iz
                0x080017dc                __fixdfsi
 .text          0x0800182c       0xec c:/program files (x86)/gnu arm embedded toolchain/10 2021.10/bin/../lib/gcc/arm-none-eabi/10.3.1/thumb/v7e-m+fp/hard\libgcc.a(_arm_cmpsf2.o)
                0x0800182c                __gesf2
                0x0800182c                __gtsf2
                0x08001834                __lesf2
                0x08001834                __ltsf2
                0x0800183c                __nesf2
                0x0800183c                __eqsf2
                0x0800183c                __cmpsf2
                0x0800189c                __aeabi_cfrcmple
                0x080018a4                __aeabi_cfcmpeq
                0x080018a4                __aeabi_cfcmple
                0x080018b4                __aeabi_fcmpeq
                0x080018c8                __aeabi_fcmplt
                0x080018dc                __aeabi_fcmple
                0x080018f0                __aeabi_fcmpge
                0x08001904                __aeabi_fcmpgt
 *(.text*)
 .text.Reset_Handler
                0x08001918       0x44 out/startup_stm32f4xx.o
                0x08001918                Reset_Handler
 .text.Default_Handler
                0x0800195c        0x2 out/startup_stm32f4xx.o
                0x0800195c                RTC_Alarm_IRQHandler
                0x0800195c                HASH_RNG_IRQHandler
                0x0800195c                EXTI2_IRQHandler
                0x0800195c                TIM8_CC_IRQHandler
                0x0800195c                TIM1_CC_IRQHandler
                0x0800195c                DMA2_Stream5_IRQHandler
                0x0800195c                DMA1_Stream5_IRQHandler
                0x0800195c                PVD_IRQHandler
                0x0800195c                SDIO_IRQHandler
                0x0800195c                TAMP_STAMP_IRQHandler
                0x0800195c                CAN2_RX1_IRQHandler
                0x0800195c                EXTI3_IRQHandler
                0x0800195c                TIM8_TRG_COM_TIM14_IRQHandler
                0x0800195c                TIM1_UP_TIM10_IRQHandler
                0x0800195c                TIM8_UP_TIM13_IRQHandler
                0x0800195c                I2C3_ER_IRQHandler
                0x0800195c                I2C2_EV_IRQHandler
                0x0800195c                DMA1_Stream2_IRQHandler
                0x0800195c                CAN1_RX0_IRQHandler
                0x0800195c                FPU_IRQHandler
                0x0800195c                OTG_HS_WKUP_IRQHandler
                0x0800195c                CAN2_SCE_IRQHandler
                0x0800195c                DMA2_Stream2_IRQHandler
                0x0800195c                SPI1_IRQHandler
                0x0800195c                TIM6_DAC_IRQHandler
                0x0800195c                TIM1_BRK_TIM9_IRQHandler
                0x0800195c                DCMI_IRQHandler
                0x0800195c                CAN2_RX0_IRQHandler
                0x0800195c                DMA2_Stream3_IRQHandler
                0x0800195c                USART6_IRQHandler
                0x0800195c                USART3_IRQHandler
                0x0800195c                CRYP_IRQHandler
                0x0800195c                CAN1_RX1_IRQHandler
                0x0800195c                UART5_IRQHandler
                0x0800195c                DMA2_Stream0_IRQHandler
                0x0800195c                TIM4_IRQHandler
                0x0800195c                I2C1_EV_IRQHandler
                0x0800195c                DMA1_Stream6_IRQHandler
                0x0800195c                DMA1_Stream1_IRQHandler
                0x0800195c                UART4_IRQHandler
                0x0800195c                TIM3_IRQHandler
                0x0800195c                RCC_IRQHandler
                0x0800195c                TIM8_BRK_TIM12_IRQHandler
                0x0800195c                Default_Handler
                0x0800195c                EXTI15_10_IRQHandler
                0x0800195c                ADC_IRQHandler
                0x0800195c                TIM7_IRQHandler
                0x0800195c                CAN2_TX_IRQHandler
                0x0800195c                TIM5_IRQHandler
                0x0800195c                DMA2_Stream7_IRQHandler
                0x0800195c                I2C3_EV_IRQHandler
                0x0800195c                EXTI9_5_IRQHandler
                0x0800195c                RTC_WKUP_IRQHandler
                0x0800195c                ETH_WKUP_IRQHandler
                0x0800195c                SPI2_IRQHandler
                0x0800195c                OTG_HS_EP1_IN_IRQHandler
                0x0800195c                CAN1_TX_IRQHandler
                0x0800195c                EXTI4_IRQHandler
                0x0800195c                FSMC_IRQHandler
                0x0800195c                ETH_IRQHandler
                0x0800195c                OTG_HS_EP1_OUT_IRQHandler
                0x0800195c                WWDG_IRQHandler
                0x0800195c                TIM2_IRQHandler
                0x0800195c                TIM1_TRG_COM_TIM11_IRQHandler
                0x0800195c                OTG_HS_IRQHandler
                0x0800195c                EXTI1_IRQHandler
                0x0800195c                USART2_IRQHandler
                0x0800195c                I2C2_ER_IRQHandler
                0x0800195c                DMA2_Stream1_IRQHandler
                0x0800195c                CAN1_SCE_IRQHandler
                0x0800195c                FLASH_IRQHandler
                0x0800195c                DMA2_Stream4_IRQHandler
                0x0800195c                USART1_IRQHandler
                0x0800195c                DMA1_Stream4_IRQHandler
                0x0800195c                I2C1_ER_IRQHandler
                0x0800195c                DMA2_Stream6_IRQHandler
 *fill*         0x0800195e        0x2 
 .text.startup.main
                0x08001960       0x6c out/main.o
                0x08001960                main
 .text.EVAL_AUDIO_TransferComplete_CallBack
                0x080019cc       0x44 out/main.o
                0x080019cc                EVAL_AUDIO_TransferComplete_CallBack
 .text.NMI_Handler
                0x08001a10        0x4 out/stm32f4xx_it.o
                0x08001a10                NMI_Handler
 .text.HardFault_Handler
                0x08001a14        0x4 out/stm32f4xx_it.o
                0x08001a14                HardFault_Handler
 .text.MemManage_Handler
                0x08001a18        0x4 out/stm32f4xx_it.o
                0x08001a18                MemManage_Handler
 .text.BusFault_Handler
                0x08001a1c        0x4 out/stm32f4xx_it.o
                0x08001a1c                BusFault_Handler
 .text.UsageFault_Handler
                0x08001a20        0x4 out/stm32f4xx_it.o
                0x08001a20                UsageFault_Handler
 .text.SVC_Handler
                0x08001a24        0x4 out/stm32f4xx_it.o
                0x08001a24                SVC_Handler
 .text.DebugMon_Handler
                0x08001a28        0x4 out/stm32f4xx_it.o
                0x08001a28                DebugMon_Handler
 .text.PendSV_Handler
                0x08001a2c        0x4 out/stm32f4xx_it.o
                0x08001a2c                PendSV_Handler
 .text.SysTick_Handler
                0x08001a30        0x4 out/stm32f4xx_it.o
                0x08001a30                SysTick_Handler
 .text.EXTI0_IRQHandler
                0x08001a34       0x10 out/stm32f4xx_it.o
                0x08001a34                EXTI0_IRQHandler
 .text.OTG_FS_WKUP_IRQHandler
                0x08001a44       0x3c out/stm32f4xx_it.o
                0x08001a44                OTG_FS_WKUP_IRQHandler
 .text.OTG_FS_IRQHandler
                0x08001a80        0xc out/stm32f4xx_it.o
                0x08001a80                OTG_FS_IRQHandler
 .text.SystemInit
                0x08001a8c      0x110 out/system_stm32f4xx.o
                0x08001a8c                SystemInit
 .text.USB_OTG_BSP_Init
                0x08001b9c       0x8c out/usb_bsp.o
                0x08001b9c                USB_OTG_BSP_Init
 .text.USB_OTG_BSP_EnableInterrupt
                0x08001c28       0x20 out/usb_bsp.o
                0x08001c28                USB_OTG_BSP_EnableInterrupt
 .text.USB_OTG_BSP_uDelay
                0x08001c48        0x4 out/usb_bsp.o
                0x08001c48                USB_OTG_BSP_uDelay
 .text.USB_OTG_BSP_mDelay
                0x08001c4c        0x4 out/usb_bsp.o
                0x08001c4c                USB_OTG_BSP_mDelay
 .text.USBD_USR_DeviceDescriptor
                0x08001c50        0xc out/usbd_desc.o
                0x08001c50                USBD_USR_DeviceDescriptor
 .text.USBD_USR_LangIDStrDescriptor
                0x08001c5c        0xc out/usbd_desc.o
                0x08001c5c                USBD_USR_LangIDStrDescriptor
 .text.USBD_USR_ManufacturerStrDescriptor
                0x08001c68       0x1c out/usbd_desc.o
                0x08001c68                USBD_USR_ManufacturerStrDescriptor
 .text.USBD_USR_ProductStrDescriptor
                0x08001c84       0x28 out/usbd_desc.o
                0x08001c84                USBD_USR_ProductStrDescriptor
 .text.USBD_USR_SerialStrDescriptor
                0x08001cac       0x28 out/usbd_desc.o
                0x08001cac                USBD_USR_SerialStrDescriptor
 .text.USBD_USR_ConfigStrDescriptor
                0x08001cd4       0x1c out/usbd_desc.o
                0x08001cd4                USBD_USR_ConfigStrDescriptor
 .text.USBD_USR_InterfaceStrDescriptor
                0x08001cf0       0x1c out/usbd_desc.o
                0x08001cf0                USBD_USR_InterfaceStrDescriptor
 .text.USBD_USR_Init
                0x08001d0c        0x4 out/usbd_usr.o
                0x08001d0c                USBD_USR_Init
 .text.USBD_USR_DeviceReset
                0x08001d10        0x4 out/usbd_usr.o
                0x08001d10                USBD_USR_DeviceReset
 .text.USBD_USR_DeviceDisconnected
                0x08001d14        0x4 out/usbd_usr.o
                0x08001d14                USBD_USR_DeviceDisconnected
 .text.USBD_USR_DeviceConfigured
                0x08001d18        0x4 out/usbd_usr.o
                0x08001d18                USBD_USR_DeviceConfigured
 .text.USBD_USR_DeviceSuspended
                0x08001d1c        0x4 out/usbd_usr.o
                0x08001d1c                USBD_USR_DeviceSuspended
 .text.USBD_USR_DeviceResumed
                0x08001d20        0x4 out/usbd_usr.o
                0x08001d20                USBD_USR_DeviceResumed
 .text.USBD_USR_DeviceConnected
                0x08001d24        0x4 out/usbd_usr.o
                0x08001d24                USBD_USR_DeviceConnected
 .text.WaveRecorderInit.part.0
                0x08001d28      0x184 out/waverecorder.o
 .text.DMA1_Stream3_IRQHandler
                0x08001eac       0x98 out/waverecorder.o
                0x08001eac                DMA1_Stream3_IRQHandler
 .text.simple_rec_start
                0x08001f44       0x2c out/waverecorder.o
                0x08001f44                simple_rec_start
 .text.USB_OTG_WritePacket
                0x08001f70       0x28 out/usb_core.o
                0x08001f70                USB_OTG_WritePacket
 .text.USB_OTG_ReadPacket
                0x08001f98       0x2c out/usb_core.o
                0x08001f98                USB_OTG_ReadPacket
 .text.USB_OTG_SelectCore
                0x08001fc4      0x338 out/usb_core.o
                0x08001fc4                USB_OTG_SelectCore
 .text.USB_OTG_CoreInit
                0x080022fc      0x138 out/usb_core.o
                0x080022fc                USB_OTG_CoreInit
 .text.USB_OTG_EnableGlobalInt
                0x08002434       0x10 out/usb_core.o
                0x08002434                USB_OTG_EnableGlobalInt
 .text.USB_OTG_DisableGlobalInt
                0x08002444       0x10 out/usb_core.o
                0x08002444                USB_OTG_DisableGlobalInt
 .text.USB_OTG_FlushTxFifo
                0x08002454       0x48 out/usb_core.o
                0x08002454                USB_OTG_FlushTxFifo
 .text.USB_OTG_FlushRxFifo
                0x0800249c       0x40 out/usb_core.o
                0x0800249c                USB_OTG_FlushRxFifo
 .text.USB_OTG_SetCurrentMode
                0x080024dc       0x30 out/usb_core.o
                0x080024dc                USB_OTG_SetCurrentMode
 .text.USB_OTG_IsDeviceMode
                0x0800250c        0xc out/usb_core.o
                0x0800250c                USB_OTG_IsDeviceMode
 .text.USB_OTG_ReadCoreItr
                0x08002518        0xc out/usb_core.o
                0x08002518                USB_OTG_ReadCoreItr
 .text.USB_OTG_CoreInitDev
                0x08002524      0x468 out/usb_core.o
                0x08002524                USB_OTG_CoreInitDev
 .text.USB_OTG_GetDeviceSpeed
                0x0800298c       0x1c out/usb_core.o
                0x0800298c                USB_OTG_GetDeviceSpeed
 .text.USB_OTG_EP0Activate
                0x080029a8       0x28 out/usb_core.o
                0x080029a8                USB_OTG_EP0Activate
 .text.USB_OTG_EPActivate
                0x080029d0       0x70 out/usb_core.o
                0x080029d0                USB_OTG_EPActivate
 .text.USB_OTG_EPDeactivate
                0x08002a40       0x3c out/usb_core.o
                0x08002a40                USB_OTG_EPDeactivate
 .text.USB_OTG_EPStartXfer
                0x08002a7c      0x164 out/usb_core.o
                0x08002a7c                USB_OTG_EPStartXfer
 .text.USB_OTG_EP0StartXfer
                0x08002be0       0xfc out/usb_core.o
                0x08002be0                USB_OTG_EP0StartXfer
 .text.USB_OTG_EPSetStall
                0x08002cdc       0x48 out/usb_core.o
                0x08002cdc                USB_OTG_EPSetStall
 .text.USB_OTG_EPClearStall
                0x08002d24       0x30 out/usb_core.o
                0x08002d24                USB_OTG_EPClearStall
 .text.USB_OTG_ReadDevAllOutEp_itr
                0x08002d54        0xc out/usb_core.o
                0x08002d54                USB_OTG_ReadDevAllOutEp_itr
 .text.USB_OTG_ReadDevOutEP_itr
                0x08002d60       0x10 out/usb_core.o
                0x08002d60                USB_OTG_ReadDevOutEP_itr
 .text.USB_OTG_ReadDevAllInEPItr
                0x08002d70        0xc out/usb_core.o
                0x08002d70                USB_OTG_ReadDevAllInEPItr
 .text.USB_OTG_EP0_OutStart
                0x08002d7c       0x20 out/usb_core.o
                0x08002d7c                USB_OTG_EP0_OutStart
 .text.USB_OTG_UngateClock
                0x08002d9c       0x20 out/usb_core.o
                0x08002d9c                USB_OTG_UngateClock
 .text.DCD_Init
                0x08002dbc      0x3f4 out/usb_dcd.o
                0x08002dbc                DCD_Init
 .text.DCD_EP_Open
                0x080031b0       0x74 out/usb_dcd.o
                0x080031b0                DCD_EP_Open
 .text.DCD_EP_Close
                0x08003224       0x3c out/usb_dcd.o
                0x08003224                DCD_EP_Close
 .text.DCD_EP_PrepareRx
                0x08003260       0x4c out/usb_dcd.o
                0x08003260                DCD_EP_PrepareRx
 .text.DCD_EP_Tx
                0x080032ac       0x44 out/usb_dcd.o
                0x080032ac                DCD_EP_Tx
 .text.DCD_EP_Stall
                0x080032f0       0x40 out/usb_dcd.o
                0x080032f0                DCD_EP_Stall
 .text.DCD_EP_ClrStall
                0x08003330       0x40 out/usb_dcd.o
                0x08003330                DCD_EP_ClrStall
 .text.DCD_EP_Flush
                0x08003370       0x1c out/usb_dcd.o
                0x08003370                DCD_EP_Flush
 .text.DCD_EP_SetAddress
                0x0800338c       0x10 out/usb_dcd.o
                0x0800338c                DCD_EP_SetAddress
 .text.USBD_OTG_ISR_Handler
                0x0800339c      0x4b4 out/usb_dcd_int.o
                0x0800339c                USBD_OTG_ISR_Handler
 .text.usbd_audio_DataOut
                0x08003850        0x4 out/usbd_audio_core.o
 .text.USBD_audio_GetCfgDesc
                0x08003854        0xc out/usbd_audio_core.o
 .text.usbd_audio_DataIn
                0x08003860       0x38 out/usbd_audio_core.o
 .text.usbd_audio_EP0_RxReady
                0x08003898        0xc out/usbd_audio_core.o
 .text.usbd_audio_Setup
                0x080038a4       0xe8 out/usbd_audio_core.o
 .text.usbd_audio_DeInit
                0x0800398c        0xc out/usbd_audio_core.o
 .text.usbd_audio_Init
                0x08003998       0x10 out/usbd_audio_core.o
 .text.usbd_audio_SOF
                0x080039a8       0x24 out/usbd_audio_core.o
 .text.STM_EVAL_LEDInit
                0x080039cc       0x40 out/stm32f4_discovery.o
                0x080039cc                STM_EVAL_LEDInit
 .text.STM_EVAL_LEDOn
                0x08003a0c       0x18 out/stm32f4_discovery.o
                0x08003a0c                STM_EVAL_LEDOn
 .text.STM_EVAL_LEDOff
                0x08003a24       0x18 out/stm32f4_discovery.o
                0x08003a24                STM_EVAL_LEDOff
 .text.STM_EVAL_LEDToggle
                0x08003a3c       0x1c out/stm32f4_discovery.o
                0x08003a3c                STM_EVAL_LEDToggle
 .text.STM_EVAL_PBInit
                0x08003a58       0x70 out/stm32f4_discovery.o
                0x08003a58                STM_EVAL_PBInit
 .text.Audio_MAL_IRQHandler.part.0
                0x08003ac8       0x84 out/stm32f4_discovery_audio_codec.o
 .text.Codec_WriteRegister
                0x08003b4c      0x29c out/stm32f4_discovery_audio_codec.o
 .text.EVAL_AUDIO_Play
                0x08003de8       0xec out/stm32f4_discovery_audio_codec.o
                0x08003de8                EVAL_AUDIO_Play
 .text.DMA1_Stream7_IRQHandler
                0x08003ed4       0x50 out/stm32f4_discovery_audio_codec.o
                0x08003ed4                DMA1_Stream7_IRQHandler
 .text.DMA1_Stream0_IRQHandler
                0x08003f24       0x50 out/stm32f4_discovery_audio_codec.o
                0x08003f24                DMA1_Stream0_IRQHandler
 .text.SPI3_IRQHandler
                0x08003f74       0xd4 out/stm32f4_discovery_audio_codec.o
                0x08003f74                SPI3_IRQHandler
 .text.Codec_Init
                0x08004048      0x288 out/stm32f4_discovery_audio_codec.o
                0x08004048                Codec_Init
 .text.SET_I2S_PLL
                0x080042d0       0xc0 out/stm32f4_discovery_audio_codec.o
                0x080042d0                SET_I2S_PLL
 .text.EVAL_AUDIO_Init
                0x08004390      0x17c out/stm32f4_discovery_audio_codec.o
                0x08004390                EVAL_AUDIO_Init
 .text.USBD_Resume
                0x0800450c       0x18 out/usbd_core.o
 .text.USBD_Suspend
                0x08004524       0x1c out/usbd_core.o
 .text.USBD_SOF
                0x08004540       0x10 out/usbd_core.o
 .text.USBD_IsoINIncomplete
                0x08004550       0x10 out/usbd_core.o
 .text.USBD_IsoOUTIncomplete
                0x08004560       0x10 out/usbd_core.o
 .text.USBD_Reset
                0x08004570       0x30 out/usbd_core.o
 .text.USBD_SetupStage
                0x080045a0       0x58 out/usbd_core.o
 .text.USBD_DataInStage
                0x080045f8       0xb4 out/usbd_core.o
 .text.USBD_DataOutStage
                0x080046ac       0x78 out/usbd_core.o
 .text.USBD_Init
                0x08004724       0x3c out/usbd_core.o
                0x08004724                USBD_Init
 .text.USBD_SetCfg
                0x08004760       0x18 out/usbd_core.o
                0x08004760                USBD_SetCfg
 .text.USBD_ClrCfg
                0x08004778       0x10 out/usbd_core.o
                0x08004778                USBD_ClrCfg
 .text.USBD_CtlSendData
                0x08004788       0x1c out/usbd_ioreq.o
                0x08004788                USBD_CtlSendData
 .text.USBD_CtlContinueSendData
                0x080047a4       0x10 out/usbd_ioreq.o
                0x080047a4                USBD_CtlContinueSendData
 .text.USBD_CtlPrepareRx
                0x080047b4       0x1c out/usbd_ioreq.o
                0x080047b4                USBD_CtlPrepareRx
 .text.USBD_CtlContinueRx
                0x080047d0       0x10 out/usbd_ioreq.o
                0x080047d0                USBD_CtlContinueRx
 .text.USBD_CtlSendStatus
                0x080047e0       0x20 out/usbd_ioreq.o
                0x080047e0                USBD_CtlSendStatus
 .text.USBD_CtlReceiveStatus
                0x08004800       0x20 out/usbd_ioreq.o
                0x08004800                USBD_CtlReceiveStatus
 .text.USBD_StdDevReq
                0x08004820      0x2cc out/usbd_req.o
                0x08004820                USBD_StdDevReq
 .text.USBD_StdItfReq
                0x08004aec       0x44 out/usbd_req.o
                0x08004aec                USBD_StdItfReq
 .text.USBD_StdEPReq
                0x08004b30       0xd8 out/usbd_req.o
                0x08004b30                USBD_StdEPReq
 .text.USBD_ParseSetupRequest
                0x08004c08       0x40 out/usbd_req.o
                0x08004c08                USBD_ParseSetupRequest
 .text.USBD_CtlError
                0x08004c48       0x1c out/usbd_req.o
                0x08004c48                USBD_CtlError
 .text.USBD_GetString
                0x08004c64       0x54 out/usbd_req.o
                0x08004c64                USBD_GetString
 .text.NVIC_PriorityGroupConfig
                0x08004cb8       0x14 out/misc.o
                0x08004cb8                NVIC_PriorityGroupConfig
 .text.NVIC_Init
                0x08004ccc       0x70 out/misc.o
                0x08004ccc                NVIC_Init
 .text.DAC_Init
                0x08004d3c       0x30 out/stm32f4xx_dac.o
                0x08004d3c                DAC_Init
 .text.DAC_Cmd  0x08004d6c       0x28 out/stm32f4xx_dac.o
                0x08004d6c                DAC_Cmd
 .text.DAC_SetChannel1Data
                0x08004d94       0x20 out/stm32f4xx_dac.o
                0x08004d94                DAC_SetChannel1Data
 .text.DMA_DeInit
                0x08004db4      0x12c out/stm32f4xx_dma.o
                0x08004db4                DMA_DeInit
 .text.DMA_Init
                0x08004ee0       0x5c out/stm32f4xx_dma.o
                0x08004ee0                DMA_Init
 .text.DMA_Cmd  0x08004f3c       0x14 out/stm32f4xx_dma.o
                0x08004f3c                DMA_Cmd
 .text.DMA_DoubleBufferModeConfig
                0x08004f50       0x18 out/stm32f4xx_dma.o
                0x08004f50                DMA_DoubleBufferModeConfig
 .text.DMA_DoubleBufferModeCmd
                0x08004f68       0x14 out/stm32f4xx_dma.o
                0x08004f68                DMA_DoubleBufferModeCmd
 .text.DMA_GetCmdStatus
                0x08004f7c        0x8 out/stm32f4xx_dma.o
                0x08004f7c                DMA_GetCmdStatus
 .text.DMA_GetFlagStatus
                0x08004f84       0x38 out/stm32f4xx_dma.o
                0x08004f84                DMA_GetFlagStatus
 .text.DMA_ClearFlag
                0x08004fbc       0x34 out/stm32f4xx_dma.o
                0x08004fbc                DMA_ClearFlag
 .text.DMA_ITConfig
                0x08004ff0       0x40 out/stm32f4xx_dma.o
                0x08004ff0                DMA_ITConfig
 .text.EXTI_Init
                0x08005030       0x84 out/stm32f4xx_exti.o
                0x08005030                EXTI_Init
 .text.EXTI_ClearITPendingBit
                0x080050b4        0xc out/stm32f4xx_exti.o
                0x080050b4                EXTI_ClearITPendingBit
 .text.GPIO_Init
                0x080050c0       0x94 out/stm32f4xx_gpio.o
                0x080050c0                GPIO_Init
 .text.GPIO_WriteBit
                0x08005154        0xc out/stm32f4xx_gpio.o
                0x08005154                GPIO_WriteBit
 .text.GPIO_PinAFConfig
                0x08005160       0x28 out/stm32f4xx_gpio.o
                0x08005160                GPIO_PinAFConfig
 .text.I2C_DeInit
                0x08005188       0x6c out/stm32f4xx_i2c.o
                0x08005188                I2C_DeInit
 .text.I2C_Init
                0x080051f4       0xe0 out/stm32f4xx_i2c.o
                0x080051f4                I2C_Init
 .text.I2C_Cmd  0x080052d4       0x1c out/stm32f4xx_i2c.o
                0x080052d4                I2C_Cmd
 .text.I2C_GenerateSTART
                0x080052f0       0x1c out/stm32f4xx_i2c.o
                0x080052f0                I2C_GenerateSTART
 .text.I2C_GenerateSTOP
                0x0800530c       0x1c out/stm32f4xx_i2c.o
                0x0800530c                I2C_GenerateSTOP
 .text.I2C_Send7bitAddress
                0x08005328       0x18 out/stm32f4xx_i2c.o
                0x08005328                I2C_Send7bitAddress
 .text.I2C_AcknowledgeConfig
                0x08005340       0x1c out/stm32f4xx_i2c.o
                0x08005340                I2C_AcknowledgeConfig
 .text.I2C_SendData
                0x0800535c        0x4 out/stm32f4xx_i2c.o
                0x0800535c                I2C_SendData
 .text.I2C_ReceiveData
                0x08005360        0x8 out/stm32f4xx_i2c.o
                0x08005360                I2C_ReceiveData
 .text.I2C_CheckEvent
                0x08005368       0x1c out/stm32f4xx_i2c.o
                0x08005368                I2C_CheckEvent
 .text.I2C_GetFlagStatus
                0x08005384       0x38 out/stm32f4xx_i2c.o
                0x08005384                I2C_GetFlagStatus
 .text.I2C_ClearFlag
                0x080053bc        0x8 out/stm32f4xx_i2c.o
                0x080053bc                I2C_ClearFlag
 .text.RCC_PLLI2SConfig
                0x080053c4       0x14 out/stm32f4xx_rcc.o
                0x080053c4                RCC_PLLI2SConfig
 .text.RCC_PLLI2SCmd
                0x080053d8        0xc out/stm32f4xx_rcc.o
                0x080053d8                RCC_PLLI2SCmd
 .text.RCC_GetClocksFreq
                0x080053e4       0x90 out/stm32f4xx_rcc.o
                0x080053e4                RCC_GetClocksFreq
 .text.RCC_AHB1PeriphClockCmd
                0x08005474       0x18 out/stm32f4xx_rcc.o
                0x08005474                RCC_AHB1PeriphClockCmd
 .text.RCC_AHB2PeriphClockCmd
                0x0800548c       0x18 out/stm32f4xx_rcc.o
                0x0800548c                RCC_AHB2PeriphClockCmd
 .text.RCC_APB1PeriphClockCmd
                0x080054a4       0x18 out/stm32f4xx_rcc.o
                0x080054a4                RCC_APB1PeriphClockCmd
 .text.RCC_APB2PeriphClockCmd
                0x080054bc       0x18 out/stm32f4xx_rcc.o
                0x080054bc                RCC_APB2PeriphClockCmd
 .text.RCC_APB1PeriphResetCmd
                0x080054d4       0x18 out/stm32f4xx_rcc.o
                0x080054d4                RCC_APB1PeriphResetCmd
 .text.RCC_APB2PeriphResetCmd
                0x080054ec       0x18 out/stm32f4xx_rcc.o
                0x080054ec                RCC_APB2PeriphResetCmd
 .text.SPI_I2S_DeInit
                0x08005504       0x6c out/stm32f4xx_spi.o
                0x08005504                SPI_I2S_DeInit
 .text.I2S_Init
                0x08005570       0xdc out/stm32f4xx_spi.o
                0x08005570                I2S_Init
 .text.I2S_Cmd  0x0800564c       0x1c out/stm32f4xx_spi.o
                0x0800564c                I2S_Cmd
 .text.SPI_I2S_SendData
                0x08005668        0x4 out/stm32f4xx_spi.o
                0x08005668                SPI_I2S_SendData
 .text.SPI_I2S_DMACmd
                0x0800566c       0x14 out/stm32f4xx_spi.o
                0x0800566c                SPI_I2S_DMACmd
 .text.SPI_I2S_ITConfig
                0x08005680       0x20 out/stm32f4xx_spi.o
                0x08005680                SPI_I2S_ITConfig
 .text.SPI_I2S_GetFlagStatus
                0x080056a0        0xc out/stm32f4xx_spi.o
                0x080056a0                SPI_I2S_GetFlagStatus
 .text.SYSCFG_EXTILineConfig
                0x080056ac       0x2c out/stm32f4xx_syscfg.o
                0x080056ac                SYSCFG_EXTILineConfig
 *(.glue_7)
 .glue_7        0x080056d8        0x0 linker stubs
 *(.glue_7t)
 .glue_7t       0x080056d8        0x0 linker stubs
 *(.eh_frame)
 *(.init)
 *(.fini)
                0x080056d8                . = ALIGN (0x4)
                0x080056d8                _etext = .

.vfp11_veneer   0x080056d8        0x0
 .vfp11_veneer  0x080056d8        0x0 linker stubs

.v4_bx          0x080056d8        0x0
 .v4_bx         0x080056d8        0x0 linker stubs

.iplt           0x080056d8        0x0
 .iplt          0x080056d8        0x0 out/startup_stm32f4xx.o

.rodata         0x080056d8       0x84
                0x080056d8                . = ALIGN (0x4)
 *(.rodata)
 *(.rodata*)
 .rodata.USBD_USR_ManufacturerStrDescriptor.str1.4
                0x080056d8        0x7 out/usbd_desc.o
 *fill*         0x080056df        0x1 
 .rodata.USBD_USR_ProductStrDescriptor.str1.4
                0x080056e0       0x21 out/usbd_desc.o
 *fill*         0x08005701        0x3 
 .rodata.USBD_USR_SerialStrDescriptor.str1.4
                0x08005704       0x1d out/usbd_desc.o
 *fill*         0x08005721        0x3 
 .rodata.USBD_USR_ConfigStrDescriptor.str1.4
                0x08005724        0xd out/usbd_desc.o
 *fill*         0x08005731        0x3 
 .rodata.USBD_USR_InterfaceStrDescriptor.str1.4
                0x08005734       0x10 out/usbd_desc.o
 .rodata.GPIO_CLK
                0x08005744       0x10 out/stm32f4_discovery.o
                0x08005744                GPIO_CLK
 .rodata.GPIO_PIN
                0x08005754        0x8 out/stm32f4_discovery.o
                0x08005754                GPIO_PIN
                0x0800575c                . = ALIGN (0x4)

.rel.dyn        0x0800575c        0x0
 .rel.iplt      0x0800575c        0x0 out/startup_stm32f4xx.o

.ARM.extab
 *(.ARM.extab* .gnu.linkonce.armextab.*)

.ARM            0x0800575c        0x0
                0x0800575c                __exidx_start = .
 *(.ARM.exidx*)
                0x0800575c                __exidx_end = .

.preinit_array  0x0800575c        0x0
                [!provide]                PROVIDE (__preinit_array_start = .)
 *(.preinit_array*)
                [!provide]                PROVIDE (__preinit_array_end = .)

.init_array     0x0800575c        0x0
                [!provide]                PROVIDE (__init_array_start = .)
 *(SORT_BY_NAME(.init_array.*))
 *(.init_array*)
                [!provide]                PROVIDE (__init_array_end = .)

.fini_array     0x0800575c        0x0
                [!provide]                PROVIDE (__fini_array_start = .)
 *(SORT_BY_NAME(.fini_array.*))
 *(.fini_array*)
                [!provide]                PROVIDE (__fini_array_end = .)
                0x0800575c                _sidata = LOADADDR (.data)

.data           0x20000000      0x468 load address 0x0800575c
                0x20000000                . = ALIGN (0x4)
                0x20000000                _sdata = .
 *(.data)
 .data          0x20000000      0x304 ../Utilities/STM32F4-Discovery/\libPDMFilter_IAR.a(pdm_filter.o)
                0x20000000                stm32_crc
                0x20000004                T0
                0x20000104                T1
                0x20000204                T2
 *(.data*)
 .data.USBD_DeviceDesc
                0x20000304       0x12 out/usbd_desc.o
                0x20000304                USBD_DeviceDesc
 *fill*         0x20000316        0x2 
 .data.USBD_LangIDDesc
                0x20000318        0x4 out/usbd_desc.o
                0x20000318                USBD_LangIDDesc
 .data.USR_desc
                0x2000031c       0x1c out/usbd_desc.o
                0x2000031c                USR_desc
 .data.USR_cb   0x20000338       0x1c out/usbd_usr.o
                0x20000338                USR_cb
 .data.buffer_ready
                0x20000354        0x1 out/waverecorder.o
                0x20000354                buffer_ready
 *fill*         0x20000355        0x3 
 .data.AUDIO_cb
                0x20000358       0x2c out/usbd_audio_core.o
                0x20000358                AUDIO_cb
 .data.usbd_audio_CfgDesc
                0x20000384       0x6d out/usbd_audio_core.o
 *fill*         0x200003f1        0x3 
 .data.BUTTON_PORT
                0x200003f4        0x4 out/stm32f4_discovery.o
                0x200003f4                BUTTON_PORT
 .data.GPIO_PORT
                0x200003f8       0x10 out/stm32f4_discovery.o
                0x200003f8                GPIO_PORT
 .data.AUDIO_MAL_DMA_CLOCK
                0x20000408        0x4 out/stm32f4_discovery_audio_codec.o
                0x20000408                AUDIO_MAL_DMA_CLOCK
 .data.AUDIO_MAL_DMA_DREG
                0x2000040c        0x4 out/stm32f4_discovery_audio_codec.o
                0x2000040c                AUDIO_MAL_DMA_DREG
 .data.AUDIO_MAL_DMA_FLAG_TC
                0x20000410        0x4 out/stm32f4_discovery_audio_codec.o
                0x20000410                AUDIO_MAL_DMA_FLAG_TC
 .data.AUDIO_MAL_DMA_IRQ
                0x20000414        0x4 out/stm32f4_discovery_audio_codec.o
                0x20000414                AUDIO_MAL_DMA_IRQ
 .data.AUDIO_MAL_DMA_STREAM
                0x20000418        0x4 out/stm32f4_discovery_audio_codec.o
                0x20000418                AUDIO_MAL_DMA_STREAM
 .data.AudioTotalSize
                0x2000041c        0x4 out/stm32f4_discovery_audio_codec.o
                0x2000041c                AudioTotalSize
 .data.CODECTimeout
                0x20000420        0x4 out/stm32f4_discovery_audio_codec.o
                0x20000420                CODECTimeout
 .data.CurrAudioInterface
                0x20000424        0x4 out/stm32f4_discovery_audio_codec.o
                0x20000424                CurrAudioInterface
 .data.USBD_DCD_INT_cb
                0x20000428       0x2c out/usbd_core.o
                0x20000428                USBD_DCD_INT_cb
 .data.USBD_DCD_INT_fops
                0x20000454        0x4 out/usbd_core.o
                0x20000454                USBD_DCD_INT_fops
 .data.APBAHBPrescTable
                0x20000458       0x10 out/stm32f4xx_rcc.o
                0x20000468                . = ALIGN (0x4)
                0x20000468                _edata = .
                0x08005bc4                _siccmram = LOADADDR (.ccmram)

.igot.plt       0x20000468        0x0 load address 0x08005bc4
 .igot.plt      0x20000468        0x0 out/startup_stm32f4xx.o

.ccmram         0x10000000        0x0 load address 0x08005bc4
                0x10000000                . = ALIGN (0x4)
                0x10000000                _sccmram = .
 *(.ccmram)
 *(.ccmram*)
                0x10000000                . = ALIGN (0x4)
                0x10000000                _eccmram = .
                0x10000000                . = ALIGN (0x4)

.bss            0x20000468      0x9f4
                0x20000468                _sbss = .
                0x20000468                __bss_start__ = _sbss
 *(.bss)
 *(.bss*)
 .bss.USB_OTG_dev
                0x20000468      0x5f4 out/main.o
                0x20000468                USB_OTG_dev
 .bss.UserButtonPressed
                0x20000a5c        0x1 out/main.o
                0x20000a5c                UserButtonPressed
 *fill*         0x20000a5d        0x3 
 .bss.audiodata
                0x20000a60       0x80 out/main.o
                0x20000a60                audiodata
 .bss.AudioRecInited
                0x20000ae0        0x4 out/waverecorder.o
 .bss.Filter    0x20000ae4       0x34 out/waverecorder.o
                0x20000ae4                Filter
 .bss.Mic_DMA_PDM_Buffer0
                0x20000b18       0x80 out/waverecorder.o
                0x20000b18                Mic_DMA_PDM_Buffer0
 .bss.Mic_DMA_PDM_Buffer1
                0x20000b98       0x80 out/waverecorder.o
                0x20000b98                Mic_DMA_PDM_Buffer1
 .bss.Mic_PDM_Buffer.0
                0x20000c18       0x80 out/waverecorder.o
 .bss.RecBuf0   0x20000c98       0x20 out/waverecorder.o
                0x20000c98                RecBuf0
 .bss.RecBuf1   0x20000cb8       0x20 out/waverecorder.o
                0x20000cb8                RecBuf1
 .bss.AudioCtl  0x20000cd8       0x40 out/usbd_audio_core.o
                0x20000cd8                AudioCtl
 .bss.AudioCtlCmd
                0x20000d18        0x1 out/usbd_audio_core.o
                0x20000d18                AudioCtlCmd
 *fill*         0x20000d19        0x3 
 .bss.AudioCtlLen
                0x20000d1c        0x4 out/usbd_audio_core.o
                0x20000d1c                AudioCtlLen
 .bss.AudioCtlUnit
                0x20000d20        0x1 out/usbd_audio_core.o
                0x20000d20                AudioCtlUnit
 *fill*         0x20000d21        0x3 
 .bss.PlayFlag  0x20000d24        0x4 out/usbd_audio_core.o
 .bss.usbd_audio_AltSet
                0x20000d28        0x4 out/usbd_audio_core.o
 .bss.AUDIO_MAL_DMA_CHANNEL
                0x20000d2c        0x4 out/stm32f4_discovery_audio_codec.o
                0x20000d2c                AUDIO_MAL_DMA_CHANNEL
 .bss.AudioRemSize
                0x20000d30        0x4 out/stm32f4_discovery_audio_codec.o
                0x20000d30                AudioRemSize
 .bss.CurrentPos
                0x20000d34        0x4 out/stm32f4_discovery_audio_codec.o
                0x20000d34                CurrentPos
 .bss.DMA_InitStructure
                0x20000d38       0x3c out/stm32f4_discovery_audio_codec.o
                0x20000d38                DMA_InitStructure
 .bss.OutputDev
                0x20000d74        0x1 out/stm32f4_discovery_audio_codec.o
                0x20000d74                OutputDev
 *fill*         0x20000d75        0x1 
 .bss.dac_play_cnt
                0x20000d76        0x2 out/stm32f4_discovery_audio_codec.o
                0x20000d76                dac_play_cnt
 .bss.dac_play_ptr
                0x20000d78        0x4 out/stm32f4_discovery_audio_codec.o
                0x20000d78                dac_play_ptr
 .bss.dac_play_size
                0x20000d7c        0x2 out/stm32f4_discovery_audio_codec.o
                0x20000d7c                dac_play_size
 .bss.udata.0   0x20000d7e        0x2 out/stm32f4_discovery_audio_codec.o
 .bss.SET_TEST_MODE
                0x20000d80        0x4 out/usbd_core.o
                0x20000d80                SET_TEST_MODE
 .bss.USBD_StrDesc
                0x20000d84       0xc8 out/usbd_req.o
                0x20000d84                USBD_StrDesc
 .bss.USBD_cfg_status
                0x20000e4c        0x4 out/usbd_req.o
                0x20000e4c                USBD_cfg_status
 .bss.USBD_default_cfg
                0x20000e50        0x4 out/usbd_req.o
                0x20000e50                USBD_default_cfg
 .bss.USBD_ep_status
                0x20000e54        0x4 out/usbd_req.o
                0x20000e54                USBD_ep_status
 .bss.cfgidx.0  0x20000e58        0x1 out/usbd_req.o
 *(COMMON)
                0x20000e5c                . = ALIGN (0x4)
 *fill*         0x20000e59        0x3 
                0x20000e5c                _ebss = .
                0x20000e5c                __bss_end__ = _ebss

._user_heap_stack
                0x20000e5c      0x600
                0x20000e5c                . = ALIGN (0x4)
                [!provide]                PROVIDE (end = .)
                [!provide]                PROVIDE (_end = .)
                0x2000105c                . = (. + _Min_Heap_Size)
 *fill*         0x20000e5c      0x200 
                0x2000145c                . = (. + _Min_Stack_Size)
 *fill*         0x2000105c      0x400 
                0x2000145c                . = ALIGN (0x4)

/DISCARD/
 libc.a(*)
 libm.a(*)
 libgcc.a(*)

.ARM.attributes
                0x00000000       0x30
 *(.ARM.attributes)
 .ARM.attributes
                0x00000000       0x21 out/startup_stm32f4xx.o
 .ARM.attributes
                0x00000021       0x30 out/main.o
 .ARM.attributes
                0x00000051       0x30 out/stm32f4xx_it.o
 .ARM.attributes
                0x00000081       0x30 out/system_stm32f4xx.o
 .ARM.attributes
                0x000000b1       0x30 out/usb_bsp.o
 .ARM.attributes
                0x000000e1       0x30 out/usbd_desc.o
 .ARM.attributes
                0x00000111       0x30 out/usbd_usr.o
 .ARM.attributes
                0x00000141       0x30 out/waverecorder.o
 .ARM.attributes
                0x00000171       0x30 out/usb_core.o
 .ARM.attributes
                0x000001a1       0x30 out/usb_dcd.o
 .ARM.attributes
                0x000001d1       0x30 out/usb_dcd_int.o
 .ARM.attributes
                0x00000201       0x30 out/usbd_audio_core.o
 .ARM.attributes
                0x00000231       0x30 out/stm32f4_discovery.o
 .ARM.attributes
                0x00000261       0x30 out/stm32f4_discovery_audio_codec.o
 .ARM.attributes
                0x00000291       0x30 out/usbd_core.o
 .ARM.attributes
                0x000002c1       0x30 out/usbd_ioreq.o
 .ARM.attributes
                0x000002f1       0x30 out/usbd_req.o
 .ARM.attributes
                0x00000321       0x30 out/misc.o
 .ARM.attributes
                0x00000351       0x30 out/stm32f4xx_dac.o
 .ARM.attributes
                0x00000381       0x30 out/stm32f4xx_dma.o
 .ARM.attributes
                0x000003b1       0x30 out/stm32f4xx_exti.o
 .ARM.attributes
                0x000003e1       0x30 out/stm32f4xx_gpio.o
 .ARM.attributes
                0x00000411       0x30 out/stm32f4xx_i2c.o
 .ARM.attributes
                0x00000441       0x30 out/stm32f4xx_rcc.o
 .ARM.attributes
                0x00000471       0x30 out/stm32f4xx_spi.o
 .ARM.attributes
                0x000004a1       0x30 out/stm32f4xx_syscfg.o
 .ARM.attributes
                0x000004d1       0x46 ../Utilities/STM32F4-Discovery/\libPDMFilter_IAR.a(pdm_filter.o)
 .ARM.attributes
                0x00000517       0x1e c:/program files (x86)/gnu arm embedded toolchain/10 2021.10/bin/../lib/gcc/arm-none-eabi/10.3.1/thumb/v7e-m+fp/hard\libgcc.a(_arm_mulsf3.o)
 .ARM.attributes
                0x00000535       0x1e c:/program files (x86)/gnu arm embedded toolchain/10 2021.10/bin/../lib/gcc/arm-none-eabi/10.3.1/thumb/v7e-m+fp/hard\libgcc.a(_arm_addsubdf3.o)
 .ARM.attributes
                0x00000553       0x1e c:/program files (x86)/gnu arm embedded toolchain/10 2021.10/bin/../lib/gcc/arm-none-eabi/10.3.1/thumb/v7e-m+fp/hard\libgcc.a(_arm_muldivdf3.o)
 .ARM.attributes
                0x00000571       0x1e c:/program files (x86)/gnu arm embedded toolchain/10 2021.10/bin/../lib/gcc/arm-none-eabi/10.3.1/thumb/v7e-m+fp/hard\libgcc.a(_arm_fixdfsi.o)
 .ARM.attributes
                0x0000058f       0x1e c:/program files (x86)/gnu arm embedded toolchain/10 2021.10/bin/../lib/gcc/arm-none-eabi/10.3.1/thumb/v7e-m+fp/hard\libgcc.a(_arm_cmpsf2.o)
OUTPUT(out/stm32f4_usb_to_audio.elf elf32-littlearm)
LOAD linker stubs
LOAD c:/program files (x86)/gnu arm embedded toolchain/10 2021.10/bin/../lib/gcc/arm-none-eabi/10.3.1/../../../../arm-none-eabi/lib/thumb/v7e-m+fp/hard\libc.a
LOAD c:/program files (x86)/gnu arm embedded toolchain/10 2021.10/bin/../lib/gcc/arm-none-eabi/10.3.1/../../../../arm-none-eabi/lib/thumb/v7e-m+fp/hard\libm.a
LOAD c:/program files (x86)/gnu arm embedded toolchain/10 2021.10/bin/../lib/gcc/arm-none-eabi/10.3.1/thumb/v7e-m+fp/hard\libgcc.a

.debug_line     0x00000000     0xfbf6
 .debug_line    0x00000000       0x6f out/startup_stm32f4xx.o
 .debug_line    0x0000006f      0x7a3 out/main.o
 .debug_line    0x00000812      0x71e out/stm32f4xx_it.o
 .debug_line    0x00000f30      0x4c8 out/system_stm32f4xx.o
 .debug_line    0x000013f8      0x4b8 out/usb_bsp.o
 .debug_line    0x000018b0      0x5b5 out/usbd_desc.o
 .debug_line    0x00001e65      0x475 out/usbd_usr.o
 .debug_line    0x000022da      0x7fa out/waverecorder.o
 .debug_line    0x00002ad4     0x246d out/usb_core.o
 .debug_line    0x00004f41      0xf33 out/usb_dcd.o
 .debug_line    0x00005e74      0xa45 out/usb_dcd_int.o
 .debug_line    0x000068b9      0x89b out/usbd_audio_core.o
 .debug_line    0x00007154      0x4cd out/stm32f4_discovery.o
 .debug_line    0x00007621     0x15ef out/stm32f4_discovery_audio_codec.o
 .debug_line    0x00008c10      0x857 out/usbd_core.o
 .debug_line    0x00009467      0x5a4 out/usbd_ioreq.o
 .debug_line    0x00009a0b      0xa59 out/usbd_req.o
 .debug_line    0x0000a464      0x65a out/misc.o
 .debug_line    0x0000aabe      0x889 out/stm32f4xx_dac.o
 .debug_line    0x0000b347      0xb54 out/stm32f4xx_dma.o
 .debug_line    0x0000be9b      0x6ea out/stm32f4xx_exti.o
 .debug_line    0x0000c585      0x90f out/stm32f4xx_gpio.o
 .debug_line    0x0000ce94      0xcd1 out/stm32f4xx_i2c.o
 .debug_line    0x0000db65      0xf0b out/stm32f4xx_rcc.o
 .debug_line    0x0000ea70      0xb94 out/stm32f4xx_spi.o
 .debug_line    0x0000f604      0x5f2 out/stm32f4xx_syscfg.o

.debug_info     0x00000000    0x17cd1
 .debug_info    0x00000000       0x22 out/startup_stm32f4xx.o
 .debug_info    0x00000022      0xf61 out/main.o
 .debug_info    0x00000f83      0xe90 out/stm32f4xx_it.o
 .debug_info    0x00001e13      0x62c out/system_stm32f4xx.o
 .debug_info    0x0000243f     0x124e out/usb_bsp.o
 .debug_info    0x0000368d      0x596 out/usbd_desc.o
 .debug_info    0x00003c23      0x194 out/usbd_usr.o
 .debug_info    0x00003db7     0x155f out/waverecorder.o
 .debug_info    0x00005316     0x2feb out/usb_core.o
 .debug_info    0x00008301     0x1478 out/usb_dcd.o
 .debug_info    0x00009779     0x2351 out/usb_dcd_int.o
 .debug_info    0x0000baca      0x861 out/usbd_audio_core.o
 .debug_info    0x0000c32b      0xa0c out/stm32f4_discovery.o
 .debug_info    0x0000cd37     0x2a40 out/stm32f4_discovery_audio_codec.o
 .debug_info    0x0000f777     0x1488 out/usbd_core.o
 .debug_info    0x00010bff      0xee2 out/usbd_ioreq.o
 .debug_info    0x00011ae1     0x16b6 out/usbd_req.o
 .debug_info    0x00013197      0x586 out/misc.o
 .debug_info    0x0001371d      0x730 out/stm32f4xx_dac.o
 .debug_info    0x00013e4d      0x7d6 out/stm32f4xx_dma.o
 .debug_info    0x00014623      0x380 out/stm32f4xx_exti.o
 .debug_info    0x000149a3      0x853 out/stm32f4xx_gpio.o
 .debug_info    0x000151f6      0xcca out/stm32f4xx_i2c.o
 .debug_info    0x00015ec0      0xe78 out/stm32f4xx_rcc.o
 .debug_info    0x00016d38      0xcda out/stm32f4xx_spi.o
 .debug_info    0x00017a12      0x2bf out/stm32f4xx_syscfg.o

.debug_abbrev   0x00000000     0x40e4
 .debug_abbrev  0x00000000       0x12 out/startup_stm32f4xx.o
 .debug_abbrev  0x00000012      0x2b6 out/main.o
 .debug_abbrev  0x000002c8      0x249 out/stm32f4xx_it.o
 .debug_abbrev  0x00000511      0x19a out/system_stm32f4xx.o
 .debug_abbrev  0x000006ab      0x2c4 out/usb_bsp.o
 .debug_abbrev  0x0000096f      0x1c4 out/usbd_desc.o
 .debug_abbrev  0x00000b33      0x101 out/usbd_usr.o
 .debug_abbrev  0x00000c34      0x330 out/waverecorder.o
 .debug_abbrev  0x00000f64      0x54d out/usb_core.o
 .debug_abbrev  0x000014b1      0x304 out/usb_dcd.o
 .debug_abbrev  0x000017b5      0x356 out/usb_dcd_int.o
 .debug_abbrev  0x00001b0b      0x292 out/usbd_audio_core.o
 .debug_abbrev  0x00001d9d      0x1f3 out/stm32f4_discovery.o
 .debug_abbrev  0x00001f90      0x418 out/stm32f4_discovery_audio_codec.o
 .debug_abbrev  0x000023a8      0x42b out/usbd_core.o
 .debug_abbrev  0x000027d3      0x1fd out/usbd_ioreq.o
 .debug_abbrev  0x000029d0      0x453 out/usbd_req.o
 .debug_abbrev  0x00002e23      0x18a out/misc.o
 .debug_abbrev  0x00002fad      0x256 out/stm32f4xx_dac.o
 .debug_abbrev  0x00003203      0x1fc out/stm32f4xx_dma.o
 .debug_abbrev  0x000033ff      0x22a out/stm32f4xx_exti.o
 .debug_abbrev  0x00003629      0x224 out/stm32f4xx_gpio.o
 .debug_abbrev  0x0000384d      0x289 out/stm32f4xx_i2c.o
 .debug_abbrev  0x00003ad6      0x2af out/stm32f4xx_rcc.o
 .debug_abbrev  0x00003d85      0x1e4 out/stm32f4xx_spi.o
 .debug_abbrev  0x00003f69      0x17b out/stm32f4xx_syscfg.o

.debug_aranges  0x00000000      0xc00
 .debug_aranges
                0x00000000       0x28 out/startup_stm32f4xx.o
 .debug_aranges
                0x00000028       0x40 out/main.o
 .debug_aranges
                0x00000068       0x58 out/stm32f4xx_it.o
 .debug_aranges
                0x000000c0       0x28 out/system_stm32f4xx.o
 .debug_aranges
                0x000000e8       0x30 out/usb_bsp.o
 .debug_aranges
                0x00000118       0x50 out/usbd_desc.o
 .debug_aranges
                0x00000168       0x28 out/usbd_usr.o
 .debug_aranges
                0x00000190       0x48 out/waverecorder.o
 .debug_aranges
                0x000001d8      0x128 out/usb_core.o
 .debug_aranges
                0x00000300       0x80 out/usb_dcd.o
 .debug_aranges
                0x00000380       0x20 out/usb_dcd_int.o
 .debug_aranges
                0x000003a0       0x58 out/usbd_audio_core.o
 .debug_aranges
                0x000003f8       0x48 out/stm32f4_discovery.o
 .debug_aranges
                0x00000440       0xa8 out/stm32f4_discovery_audio_codec.o
 .debug_aranges
                0x000004e8       0x80 out/usbd_core.o
 .debug_aranges
                0x00000568       0x50 out/usbd_ioreq.o
 .debug_aranges
                0x000005b8       0x48 out/usbd_req.o
 .debug_aranges
                0x00000600       0x40 out/misc.o
 .debug_aranges
                0x00000640       0x90 out/stm32f4xx_dac.o
 .debug_aranges
                0x000006d0       0xa8 out/stm32f4xx_dma.o
 .debug_aranges
                0x00000778       0x50 out/stm32f4xx_exti.o
 .debug_aranges
                0x000007c8       0x88 out/stm32f4xx_gpio.o
 .debug_aranges
                0x00000850      0x110 out/stm32f4xx_i2c.o
 .debug_aranges
                0x00000960      0x178 out/stm32f4xx_rcc.o
 .debug_aranges
                0x00000ad8       0xe0 out/stm32f4xx_spi.o
 .debug_aranges
                0x00000bb8       0x48 out/stm32f4xx_syscfg.o

.debug_str      0x00000000    0x62119
 .debug_str     0x00000000       0x5c out/startup_stm32f4xx.o
 .debug_str     0x0000005c    0x4255a out/main.o
                              0x428bd (size before relaxing)
 .debug_str     0x000425b6      0x194 out/stm32f4xx_it.o
                              0x40179 (size before relaxing)
 .debug_str     0x0004274a      0x1dd out/system_stm32f4xx.o
                              0x34a13 (size before relaxing)
 .debug_str     0x00042927      0x7ed out/usb_bsp.o
                              0x3be92 (size before relaxing)
 .debug_str     0x00043114      0x2ec out/usbd_desc.o
                              0x3b97a (size before relaxing)
 .debug_str     0x00043400       0xad out/usbd_usr.o
                              0x3b5ff (size before relaxing)
 .debug_str     0x000434ad     0x3195 out/waverecorder.o
                              0x43653 (size before relaxing)
 .debug_str     0x00046642      0xba5 out/usb_core.o
                              0x368dc (size before relaxing)
 .debug_str     0x000471e7      0x109 out/usb_dcd.o
                              0x35f90 (size before relaxing)
 .debug_str     0x000472f0      0x3bd out/usb_dcd_int.o
                              0x367b6 (size before relaxing)
 .debug_str     0x000476ad      0x2b3 out/usbd_audio_core.o
                              0x3fd2a (size before relaxing)
 .debug_str     0x00047960      0x21e out/stm32f4_discovery.o
                              0x3ac41 (size before relaxing)
 .debug_str     0x00047b7e     0x3377 out/stm32f4_discovery_audio_codec.o
                              0x4337f (size before relaxing)
 .debug_str     0x0004aef5      0x1bd out/usbd_core.o
                              0x3c135 (size before relaxing)
 .debug_str     0x0004b0b2       0x4c out/usbd_ioreq.o
                              0x3bd75 (size before relaxing)
 .debug_str     0x0004b0fe       0xf7 out/usbd_req.o
                              0x3c010 (size before relaxing)
 .debug_str     0x0004b1f5    0x15302 out/misc.o
                              0x5683e (size before relaxing)
 .debug_str     0x000604f7      0x332 out/stm32f4xx_dac.o
                              0x569b9 (size before relaxing)
 .debug_str     0x00060829      0x4ea out/stm32f4xx_dma.o
                              0x56ca4 (size before relaxing)
 .debug_str     0x00060d13       0xf4 out/stm32f4xx_exti.o
                              0x567c1 (size before relaxing)
 .debug_str     0x00060e07      0x14a out/stm32f4xx_gpio.o
                              0x56900 (size before relaxing)
 .debug_str     0x00060f51      0x2fc out/stm32f4xx_i2c.o
                              0x56b38 (size before relaxing)
 .debug_str     0x0006124d      0x8fe out/stm32f4xx_rcc.o
                              0x5716a (size before relaxing)
 .debug_str     0x00061b4b      0x32e out/stm32f4xx_spi.o
                              0x56bd8 (size before relaxing)
 .debug_str     0x00061e79      0x2a0 out/stm32f4xx_syscfg.o
                              0x568b1 (size before relaxing)

.debug_ranges   0x00000000     0x11b8
 .debug_ranges  0x00000000       0x20 out/startup_stm32f4xx.o
 .debug_ranges  0x00000020       0x30 out/main.o
 .debug_ranges  0x00000050       0x48 out/stm32f4xx_it.o
 .debug_ranges  0x00000098       0x30 out/system_stm32f4xx.o
 .debug_ranges  0x000000c8       0x20 out/usb_bsp.o
 .debug_ranges  0x000000e8       0xa0 out/usbd_desc.o
 .debug_ranges  0x00000188       0x18 out/usbd_usr.o
 .debug_ranges  0x000001a0       0xc0 out/waverecorder.o
 .debug_ranges  0x00000260      0x368 out/usb_core.o
 .debug_ranges  0x000005c8       0x70 out/usb_dcd.o
 .debug_ranges  0x00000638       0xc0 out/usb_dcd_int.o
 .debug_ranges  0x000006f8       0x78 out/usbd_audio_core.o
 .debug_ranges  0x00000770       0x38 out/stm32f4_discovery.o
 .debug_ranges  0x000007a8      0x2b8 out/stm32f4_discovery_audio_codec.o
 .debug_ranges  0x00000a60       0x90 out/usbd_core.o
 .debug_ranges  0x00000af0       0x40 out/usbd_ioreq.o
 .debug_ranges  0x00000b30       0xf8 out/usbd_req.o
 .debug_ranges  0x00000c28       0x30 out/misc.o
 .debug_ranges  0x00000c58       0x80 out/stm32f4xx_dac.o
 .debug_ranges  0x00000cd8       0x98 out/stm32f4xx_dma.o
 .debug_ranges  0x00000d70       0x40 out/stm32f4xx_exti.o
 .debug_ranges  0x00000db0       0x78 out/stm32f4xx_gpio.o
 .debug_ranges  0x00000e28      0x100 out/stm32f4xx_i2c.o
 .debug_ranges  0x00000f28      0x188 out/stm32f4xx_rcc.o
 .debug_ranges  0x000010b0       0xd0 out/stm32f4xx_spi.o
 .debug_ranges  0x00001180       0x38 out/stm32f4xx_syscfg.o

.debug_loc      0x00000000     0x8d9d
 .debug_loc     0x00000000       0xe7 out/main.o
 .debug_loc     0x000000e7      0x107 out/system_stm32f4xx.o
 .debug_loc     0x000001ee       0x60 out/usb_bsp.o
 .debug_loc     0x0000024e      0x377 out/usbd_desc.o
 .debug_loc     0x000005c5      0x2fd out/waverecorder.o
 .debug_loc     0x000008c2     0x1f68 out/usb_core.o
 .debug_loc     0x0000282a      0xc93 out/usb_dcd.o
 .debug_loc     0x000034bd      0x69c out/usb_dcd_int.o
 .debug_loc     0x00003b59      0x402 out/usbd_audio_core.o
 .debug_loc     0x00003f5b       0x94 out/stm32f4_discovery.o
 .debug_loc     0x00003fef      0xac1 out/stm32f4_discovery_audio_codec.o
 .debug_loc     0x00004ab0      0x763 out/usbd_core.o
 .debug_loc     0x00005213      0x27e out/usbd_ioreq.o
 .debug_loc     0x00005491      0xd6d out/usbd_req.o
 .debug_loc     0x000061fe      0x1c7 out/misc.o
 .debug_loc     0x000063c5      0x479 out/stm32f4xx_dac.o
 .debug_loc     0x0000683e      0x3d4 out/stm32f4xx_dma.o
 .debug_loc     0x00006c12      0x23a out/stm32f4xx_exti.o
 .debug_loc     0x00006e4c      0x36e out/stm32f4xx_gpio.o
 .debug_loc     0x000071ba      0x7a0 out/stm32f4xx_i2c.o
 .debug_loc     0x0000795a      0xc4e out/stm32f4xx_rcc.o
 .debug_loc     0x000085a8      0x74c out/stm32f4xx_spi.o
 .debug_loc     0x00008cf4       0xa9 out/stm32f4xx_syscfg.o

.debug_macro    0x00000000    0x12d2d
 .debug_macro   0x00000000      0x309 out/main.o
 .debug_macro   0x00000309      0xa72 out/main.o
 .debug_macro   0x00000d7b       0x5d out/main.o
 .debug_macro   0x00000dd8       0x35 out/main.o
 .debug_macro   0x00000e0d       0x22 out/main.o
 .debug_macro   0x00000e2f       0x8e out/main.o
 .debug_macro   0x00000ebd       0x51 out/main.o
 .debug_macro   0x00000f0e      0x103 out/main.o
 .debug_macro   0x00001011       0x6a out/main.o
 .debug_macro   0x0000107b      0x1df out/main.o
 .debug_macro   0x0000125a       0x18 out/main.o
 .debug_macro   0x00001272       0x42 out/main.o
 .debug_macro   0x000012b4      0x8cb out/main.o
 .debug_macro   0x00001b7f     0x8088 out/main.o
 .debug_macro   0x00009c07      0x265 out/main.o
 .debug_macro   0x00009e6c       0xdf out/main.o
 .debug_macro   0x00009f4b      0x538 out/main.o
 .debug_macro   0x0000a483       0xac out/main.o
 .debug_macro   0x0000a52f       0x7f out/main.o
 .debug_macro   0x0000a5ae       0x82 out/main.o
 .debug_macro   0x0000a630       0x64 out/main.o
 .debug_macro   0x0000a694       0x1e out/main.o
 .debug_macro   0x0000a6b2       0x35 out/main.o
 .debug_macro   0x0000a6e7       0x34 out/main.o
 .debug_macro   0x0000a71b       0x16 out/main.o
 .debug_macro   0x0000a731       0x97 out/main.o
 .debug_macro   0x0000a7c8      0x35d out/main.o
 .debug_macro   0x0000ab25       0xf6 out/main.o
 .debug_macro   0x0000ac1b       0x10 out/main.o
 .debug_macro   0x0000ac2b       0x16 out/main.o
 .debug_macro   0x0000ac41       0x43 out/main.o
 .debug_macro   0x0000ac84       0x34 out/main.o
 .debug_macro   0x0000acb8       0x10 out/main.o
 .debug_macro   0x0000acc8       0x58 out/main.o
 .debug_macro   0x0000ad20      0x182 out/main.o
 .debug_macro   0x0000aea2       0x10 out/main.o
 .debug_macro   0x0000aeb2       0x1c out/main.o
 .debug_macro   0x0000aece       0x52 out/main.o
 .debug_macro   0x0000af20       0x22 out/main.o
 .debug_macro   0x0000af42       0x10 out/main.o
 .debug_macro   0x0000af52       0x52 out/main.o
 .debug_macro   0x0000afa4       0xd5 out/main.o
 .debug_macro   0x0000b079       0x1c out/main.o
 .debug_macro   0x0000b095       0x3d out/main.o
 .debug_macro   0x0000b0d2       0x16 out/main.o
 .debug_macro   0x0000b0e8      0x16f out/main.o
 .debug_macro   0x0000b257       0x58 out/main.o
 .debug_macro   0x0000b2af      0x258 out/main.o
 .debug_macro   0x0000b507       0x3a out/main.o
 .debug_macro   0x0000b541      0x118 out/main.o
 .debug_macro   0x0000b659       0x4f out/main.o
 .debug_macro   0x0000b6a8       0x76 out/main.o
 .debug_macro   0x0000b71e      0x20f out/main.o
 .debug_macro   0x0000b92d       0x64 out/main.o
 .debug_macro   0x0000b991       0x3a out/main.o
 .debug_macro   0x0000b9cb       0x2e out/main.o
 .debug_macro   0x0000b9f9       0xd0 out/main.o
 .debug_macro   0x0000bac9       0x5e out/main.o
 .debug_macro   0x0000bb27      0x36a out/main.o
 .debug_macro   0x0000be91      0x2f8 out/stm32f4xx_it.o
 .debug_macro   0x0000c189       0x49 out/stm32f4xx_it.o
 .debug_macro   0x0000c1d2       0xdc out/system_stm32f4xx.o
 .debug_macro   0x0000c2ae      0x130 out/usb_bsp.o
 .debug_macro   0x0000c3de       0x34 out/usb_bsp.o
 .debug_macro   0x0000c412      0x1bf out/usbd_desc.o
 .debug_macro   0x0000c5d1      0x11e out/usbd_desc.o
 .debug_macro   0x0000c6ef      0x162 out/usbd_usr.o
 .debug_macro   0x0000c851      0x275 out/waverecorder.o
 .debug_macro   0x0000cac6       0x10 out/waverecorder.o
 .debug_macro   0x0000cad6      0x477 out/waverecorder.o
 .debug_macro   0x0000cf4d       0xe9 out/usb_core.o
 .debug_macro   0x0000d036       0xf4 out/usb_dcd.o
 .debug_macro   0x0000d12a       0xf9 out/usb_dcd_int.o
 .debug_macro   0x0000d223       0x10 out/usb_dcd_int.o
 .debug_macro   0x0000d233      0x2fa out/usbd_audio_core.o
 .debug_macro   0x0000d52d       0x46 out/usbd_audio_core.o
 .debug_macro   0x0000d573       0x58 out/usbd_audio_core.o
 .debug_macro   0x0000d5cb       0xe7 out/stm32f4_discovery.o
 .debug_macro   0x0000d6b2      0x143 out/stm32f4_discovery_audio_codec.o
 .debug_macro   0x0000d7f5      0x252 out/stm32f4_discovery_audio_codec.o
 .debug_macro   0x0000da47      0x182 out/stm32f4_discovery_audio_codec.o
 .debug_macro   0x0000dbc9      0x2b1 out/stm32f4_discovery_audio_codec.o
 .debug_macro   0x0000de7a      0x183 out/usbd_core.o
 .debug_macro   0x0000dffd      0x152 out/usbd_ioreq.o
 .debug_macro   0x0000e14f      0x16f out/usbd_req.o
 .debug_macro   0x0000e2be      0x1b1 out/misc.o
 .debug_macro   0x0000e46f       0x79 out/misc.o
 .debug_macro   0x0000e4e8       0x16 out/misc.o
 .debug_macro   0x0000e4fe      0x454 out/misc.o
 .debug_macro   0x0000e952      0x3cf out/misc.o
 .debug_macro   0x0000ed21      0x111 out/misc.o
 .debug_macro   0x0000ee32       0xb2 out/misc.o
 .debug_macro   0x0000eee4      0x146 out/misc.o
 .debug_macro   0x0000f02a      0x241 out/misc.o
 .debug_macro   0x0000f26b      0x279 out/misc.o
 .debug_macro   0x0000f4e4       0xb5 out/misc.o
 .debug_macro   0x0000f599       0x64 out/misc.o
 .debug_macro   0x0000f5fd       0xa6 out/misc.o
 .debug_macro   0x0000f6a3       0x40 out/misc.o
 .debug_macro   0x0000f6e3      0x57a out/misc.o
 .debug_macro   0x0000fc5d      0x341 out/misc.o
 .debug_macro   0x0000ff9e      0x73b out/misc.o
 .debug_macro   0x000106d9      0x220 out/misc.o
 .debug_macro   0x000108f9       0x34 out/misc.o
 .debug_macro   0x0001092d      0x1dc out/stm32f4xx_dac.o
 .debug_macro   0x00010b09      0x17c out/stm32f4xx_dac.o
 .debug_macro   0x00010c85      0x1ff out/stm32f4xx_dma.o
 .debug_macro   0x00010e84      0x471 out/stm32f4xx_dma.o
 .debug_macro   0x000112f5      0x1b1 out/stm32f4xx_exti.o
 .debug_macro   0x000114a6       0xa6 out/stm32f4xx_exti.o
 .debug_macro   0x0001154c      0x1ab out/stm32f4xx_gpio.o
 .debug_macro   0x000116f7      0x25f out/stm32f4xx_gpio.o
 .debug_macro   0x00011956      0x1bd out/stm32f4xx_i2c.o
 .debug_macro   0x00011b13      0x2ab out/stm32f4xx_i2c.o
 .debug_macro   0x00011dbe      0x253 out/stm32f4xx_rcc.o
 .debug_macro   0x00012011      0x532 out/stm32f4xx_rcc.o
 .debug_macro   0x00012543      0x1d8 out/stm32f4xx_spi.o
 .debug_macro   0x0001271b      0x364 out/stm32f4xx_spi.o
 .debug_macro   0x00012a7f      0x1d5 out/stm32f4xx_syscfg.o
 .debug_macro   0x00012c54       0xd9 out/stm32f4xx_syscfg.o

.comment        0x00000000      0x26c
 .comment       0x00000000       0x49 out/main.o
                                 0x4a (size before relaxing)
 .comment       0x00000049       0x4a out/stm32f4xx_it.o
 .comment       0x00000049       0x4a out/system_stm32f4xx.o
 .comment       0x00000049       0x4a out/usb_bsp.o
 .comment       0x00000049       0x4a out/usbd_desc.o
 .comment       0x00000049       0x4a out/usbd_usr.o
 .comment       0x00000049       0x4a out/waverecorder.o
 .comment       0x00000049       0x4a out/usb_core.o
 .comment       0x00000049       0x4a out/usb_dcd.o
 .comment       0x00000049       0x4a out/usb_dcd_int.o
 .comment       0x00000049       0x4a out/usbd_audio_core.o
 .comment       0x00000049       0x4a out/stm32f4_discovery.o
 .comment       0x00000049       0x4a out/stm32f4_discovery_audio_codec.o
 .comment       0x00000049       0x4a out/usbd_core.o
 .comment       0x00000049       0x4a out/usbd_ioreq.o
 .comment       0x00000049       0x4a out/usbd_req.o
 .comment       0x00000049       0x4a out/misc.o
 .comment       0x00000049       0x4a out/stm32f4xx_dac.o
 .comment       0x00000049       0x4a out/stm32f4xx_dma.o
 .comment       0x00000049       0x4a out/stm32f4xx_exti.o
 .comment       0x00000049       0x4a out/stm32f4xx_gpio.o
 .comment       0x00000049       0x4a out/stm32f4xx_i2c.o
 .comment       0x00000049       0x4a out/stm32f4xx_rcc.o
 .comment       0x00000049       0x4a out/stm32f4xx_spi.o
 .comment       0x00000049       0x4a out/stm32f4xx_syscfg.o
 .comment       0x00000049      0x223 ../Utilities/STM32F4-Discovery/\libPDMFilter_IAR.a(pdm_filter.o)

.iar.rtmodel    0x00000000       0x15
 .iar.rtmodel   0x00000000       0x15 ../Utilities/STM32F4-Discovery/\libPDMFilter_IAR.a(pdm_filter.o)

.iar_vfe_header
                0x00000000        0x4
 .iar_vfe_header
                0x00000000        0x4 ../Utilities/STM32F4-Discovery/\libPDMFilter_IAR.a(pdm_filter.o)

.debug_frame    0x00000000     0x2074
 .debug_frame   0x00000000       0x80 out/main.o
 .debug_frame   0x00000080       0xe4 out/stm32f4xx_it.o
 .debug_frame   0x00000164       0x3c out/system_stm32f4xx.o
 .debug_frame   0x000001a0       0x6c out/usb_bsp.o
 .debug_frame   0x0000020c       0xa8 out/usbd_desc.o
 .debug_frame   0x000002b4       0x80 out/usbd_usr.o
 .debug_frame   0x00000334       0xc0 out/waverecorder.o
 .debug_frame   0x000003f4      0x334 out/usb_core.o
 .debug_frame   0x00000728      0x12c out/usb_dcd.o
 .debug_frame   0x00000854       0x44 out/usb_dcd_int.o
 .debug_frame   0x00000898       0xc8 out/usbd_audio_core.o
 .debug_frame   0x00000960       0xa0 out/stm32f4_discovery.o
 .debug_frame   0x00000a00      0x2c4 out/stm32f4_discovery_audio_codec.o
 .debug_frame   0x00000cc4      0x170 out/usbd_core.o
 .debug_frame   0x00000e34       0xb0 out/usbd_ioreq.o
 .debug_frame   0x00000ee4       0xbc out/usbd_req.o
 .debug_frame   0x00000fa0       0x60 out/misc.o
 .debug_frame   0x00001000      0x150 out/stm32f4xx_dac.o
 .debug_frame   0x00001150      0x1a0 out/stm32f4xx_dma.o
 .debug_frame   0x000012f0       0xa4 out/stm32f4xx_exti.o
 .debug_frame   0x00001394      0x158 out/stm32f4xx_gpio.o
 .debug_frame   0x000014ec      0x270 out/stm32f4xx_i2c.o
 .debug_frame   0x0000175c      0x2f0 out/stm32f4xx_rcc.o
 .debug_frame   0x00001a4c      0x1dc out/stm32f4xx_spi.o
 .debug_frame   0x00001c28       0x7c out/stm32f4xx_syscfg.o
 .debug_frame   0x00001ca4       0x54 ../Utilities/STM32F4-Discovery/\libPDMFilter_IAR.a(pdm_filter.o)
 .debug_frame   0x00001cf8       0x5c ../Utilities/STM32F4-Discovery/\libPDMFilter_IAR.a(pdm_filter.o)
 .debug_frame   0x00001d54       0x5c ../Utilities/STM32F4-Discovery/\libPDMFilter_IAR.a(pdm_filter.o)
 .debug_frame   0x00001db0       0x5c ../Utilities/STM32F4-Discovery/\libPDMFilter_IAR.a(pdm_filter.o)
 .debug_frame   0x00001e0c       0x5c ../Utilities/STM32F4-Discovery/\libPDMFilter_IAR.a(pdm_filter.o)
 .debug_frame   0x00001e68       0x24 c:/program files (x86)/gnu arm embedded toolchain/10 2021.10/bin/../lib/gcc/arm-none-eabi/10.3.1/thumb/v7e-m+fp/hard\libgcc.a(_arm_mulsf3.o)
 .debug_frame   0x00001e8c       0xac c:/program files (x86)/gnu arm embedded toolchain/10 2021.10/bin/../lib/gcc/arm-none-eabi/10.3.1/thumb/v7e-m+fp/hard\libgcc.a(_arm_addsubdf3.o)
 .debug_frame   0x00001f38       0x50 c:/program files (x86)/gnu arm embedded toolchain/10 2021.10/bin/../lib/gcc/arm-none-eabi/10.3.1/thumb/v7e-m+fp/hard\libgcc.a(_arm_muldivdf3.o)
 .debug_frame   0x00001f88       0x24 c:/program files (x86)/gnu arm embedded toolchain/10 2021.10/bin/../lib/gcc/arm-none-eabi/10.3.1/thumb/v7e-m+fp/hard\libgcc.a(_arm_fixdfsi.o)
 .debug_frame   0x00001fac       0xc8 c:/program files (x86)/gnu arm embedded toolchain/10 2021.10/bin/../lib/gcc/arm-none-eabi/10.3.1/thumb/v7e-m+fp/hard\libgcc.a(_arm_cmpsf2.o)

Cross Reference Table

Symbol                                            File
ADC_AnalogWatchdogCmd                             out/stm32f4xx_adc.o
ADC_AnalogWatchdogSingleChannelConfig             out/stm32f4xx_adc.o
ADC_AnalogWatchdogThresholdsConfig                out/stm32f4xx_adc.o
ADC_AutoInjectedConvCmd                           out/stm32f4xx_adc.o
ADC_ClearFlag                                     out/stm32f4xx_adc.o
ADC_ClearITPendingBit                             out/stm32f4xx_adc.o
ADC_Cmd                                           out/stm32f4xx_adc.o
ADC_CommonInit                                    out/stm32f4xx_adc.o
ADC_CommonStructInit                              out/stm32f4xx_adc.o
ADC_ContinuousModeCmd                             out/stm32f4xx_adc.o
ADC_DMACmd                                        out/stm32f4xx_adc.o
ADC_DMARequestAfterLastTransferCmd                out/stm32f4xx_adc.o
ADC_DeInit                                        out/stm32f4xx_adc.o
ADC_DiscModeChannelCountConfig                    out/stm32f4xx_adc.o
ADC_DiscModeCmd                                   out/stm32f4xx_adc.o
ADC_EOCOnEachRegularChannelCmd                    out/stm32f4xx_adc.o
ADC_ExternalTrigInjectedConvConfig                out/stm32f4xx_adc.o
ADC_ExternalTrigInjectedConvEdgeConfig            out/stm32f4xx_adc.o
ADC_GetConversionValue                            out/stm32f4xx_adc.o
ADC_GetFlagStatus                                 out/stm32f4xx_adc.o
ADC_GetITStatus                                   out/stm32f4xx_adc.o
ADC_GetInjectedConversionValue                    out/stm32f4xx_adc.o
ADC_GetMultiModeConversionValue                   out/stm32f4xx_adc.o
ADC_GetSoftwareStartConvStatus                    out/stm32f4xx_adc.o
ADC_GetSoftwareStartInjectedConvCmdStatus         out/stm32f4xx_adc.o
ADC_IRQHandler                                    out/startup_stm32f4xx.o
ADC_ITConfig                                      out/stm32f4xx_adc.o
ADC_Init                                          out/stm32f4xx_adc.o
ADC_InjectedChannelConfig                         out/stm32f4xx_adc.o
ADC_InjectedDiscModeCmd                           out/stm32f4xx_adc.o
ADC_InjectedSequencerLengthConfig                 out/stm32f4xx_adc.o
ADC_MultiModeDMARequestAfterLastTransferCmd       out/stm32f4xx_adc.o
ADC_RegularChannelConfig                          out/stm32f4xx_adc.o
ADC_SetInjectedOffset                             out/stm32f4xx_adc.o
ADC_SoftwareStartConv                             out/stm32f4xx_adc.o
ADC_SoftwareStartInjectedConv                     out/stm32f4xx_adc.o
ADC_StructInit                                    out/stm32f4xx_adc.o
ADC_TempSensorVrefintCmd                          out/stm32f4xx_adc.o
ADC_VBATCmd                                       out/stm32f4xx_adc.o
AHBPrescTable                                     out/system_stm32f4xx.o
AUDIO_MAL_DMA_CHANNEL                             out/stm32f4_discovery_audio_codec.o
AUDIO_MAL_DMA_CLOCK                               out/stm32f4_discovery_audio_codec.o
AUDIO_MAL_DMA_DREG                                out/stm32f4_discovery_audio_codec.o
AUDIO_MAL_DMA_FLAG_DME                            out/stm32f4_discovery_audio_codec.o
AUDIO_MAL_DMA_FLAG_FE                             out/stm32f4_discovery_audio_codec.o
AUDIO_MAL_DMA_FLAG_HT                             out/stm32f4_discovery_audio_codec.o
AUDIO_MAL_DMA_FLAG_TC                             out/stm32f4_discovery_audio_codec.o
AUDIO_MAL_DMA_FLAG_TE                             out/stm32f4_discovery_audio_codec.o
AUDIO_MAL_DMA_IRQ                                 out/stm32f4_discovery_audio_codec.o
AUDIO_MAL_DMA_InitStructure                       out/stm32f4_discovery_audio_codec.o
AUDIO_MAL_DMA_STREAM                              out/stm32f4_discovery_audio_codec.o
AUDIO_OUT_fops                                    out/usbd_audio_out_if.o
AUDIO_cb                                          out/usbd_audio_core.o
                                                  out/main.o
AudioCtl                                          out/usbd_audio_core.o
AudioCtlCmd                                       out/usbd_audio_core.o
AudioCtlLen                                       out/usbd_audio_core.o
AudioCtlUnit                                      out/usbd_audio_core.o
AudioRemSize                                      out/stm32f4_discovery_audio_codec.o
AudioTotalSize                                    out/stm32f4_discovery_audio_codec.o
Audio_MAL_Play                                    out/stm32f4_discovery_audio_codec.o
                                                  out/usbd_audio_out_if.o
BUTTON_CLK                                        out/stm32f4_discovery.o
BUTTON_EXTI_LINE                                  out/stm32f4_discovery.o
BUTTON_IRQn                                       out/stm32f4_discovery.o
BUTTON_PIN                                        out/stm32f4_discovery.o
BUTTON_PIN_SOURCE                                 out/stm32f4_discovery.o
BUTTON_PORT                                       out/stm32f4_discovery.o
BUTTON_PORT_SOURCE                                out/stm32f4_discovery.o
BusFault_Handler                                  out/stm32f4xx_it.o
                                                  out/startup_stm32f4xx.o
CAN1_RX0_IRQHandler                               out/startup_stm32f4xx.o
CAN1_RX1_IRQHandler                               out/startup_stm32f4xx.o
CAN1_SCE_IRQHandler                               out/startup_stm32f4xx.o
CAN1_TX_IRQHandler                                out/startup_stm32f4xx.o
CAN2_RX0_IRQHandler                               out/startup_stm32f4xx.o
CAN2_RX1_IRQHandler                               out/startup_stm32f4xx.o
CAN2_SCE_IRQHandler                               out/startup_stm32f4xx.o
CAN2_TX_IRQHandler                                out/startup_stm32f4xx.o
CAN_CancelTransmit                                out/stm32f4xx_can.o
CAN_ClearFlag                                     out/stm32f4xx_can.o
CAN_ClearITPendingBit                             out/stm32f4xx_can.o
CAN_DBGFreeze                                     out/stm32f4xx_can.o
CAN_DeInit                                        out/stm32f4xx_can.o
CAN_FIFORelease                                   out/stm32f4xx_can.o
CAN_FilterInit                                    out/stm32f4xx_can.o
CAN_GetFlagStatus                                 out/stm32f4xx_can.o
CAN_GetITStatus                                   out/stm32f4xx_can.o
CAN_GetLSBTransmitErrorCounter                    out/stm32f4xx_can.o
CAN_GetLastErrorCode                              out/stm32f4xx_can.o
CAN_GetReceiveErrorCounter                        out/stm32f4xx_can.o
CAN_ITConfig                                      out/stm32f4xx_can.o
CAN_Init                                          out/stm32f4xx_can.o
CAN_MessagePending                                out/stm32f4xx_can.o
CAN_OperatingModeRequest                          out/stm32f4xx_can.o
CAN_Receive                                       out/stm32f4xx_can.o
CAN_SlaveStartBank                                out/stm32f4xx_can.o
CAN_Sleep                                         out/stm32f4xx_can.o
CAN_StructInit                                    out/stm32f4xx_can.o
CAN_TTComModeCmd                                  out/stm32f4xx_can.o
CAN_Transmit                                      out/stm32f4xx_can.o
CAN_TransmitStatus                                out/stm32f4xx_can.o
CAN_WakeUp                                        out/stm32f4xx_can.o
CODECTimeout                                      out/stm32f4_discovery_audio_codec.o
CRC_CalcBlockCRC                                  out/stm32f4xx_crc.o
CRC_CalcCRC                                       out/stm32f4xx_crc.o
CRC_GetCRC                                        out/stm32f4xx_crc.o
CRC_GetIDRegister                                 out/stm32f4xx_crc.o
CRC_ResetDR                                       out/stm32f4xx_crc.o
CRC_SetIDRegister                                 out/stm32f4xx_crc.o
CRYP_AES_CBC                                      out/stm32f4xx_cryp_aes.o
CRYP_AES_CTR                                      out/stm32f4xx_cryp_aes.o
CRYP_AES_ECB                                      out/stm32f4xx_cryp_aes.o
CRYP_Cmd                                          out/stm32f4xx_cryp.o
                                                  out/stm32f4xx_cryp_tdes.o
                                                  out/stm32f4xx_cryp_des.o
                                                  out/stm32f4xx_cryp_aes.o
CRYP_DES_CBC                                      out/stm32f4xx_cryp_des.o
CRYP_DES_ECB                                      out/stm32f4xx_cryp_des.o
CRYP_DMACmd                                       out/stm32f4xx_cryp.o
CRYP_DataIn                                       out/stm32f4xx_cryp.o
                                                  out/stm32f4xx_cryp_tdes.o
                                                  out/stm32f4xx_cryp_des.o
                                                  out/stm32f4xx_cryp_aes.o
CRYP_DataOut                                      out/stm32f4xx_cryp.o
                                                  out/stm32f4xx_cryp_tdes.o
                                                  out/stm32f4xx_cryp_des.o
                                                  out/stm32f4xx_cryp_aes.o
CRYP_DeInit                                       out/stm32f4xx_cryp.o
CRYP_FIFOFlush                                    out/stm32f4xx_cryp.o
                                                  out/stm32f4xx_cryp_tdes.o
                                                  out/stm32f4xx_cryp_des.o
                                                  out/stm32f4xx_cryp_aes.o
CRYP_GetFlagStatus                                out/stm32f4xx_cryp.o
                                                  out/stm32f4xx_cryp_tdes.o
                                                  out/stm32f4xx_cryp_des.o
                                                  out/stm32f4xx_cryp_aes.o
CRYP_GetITStatus                                  out/stm32f4xx_cryp.o
CRYP_IRQHandler                                   out/startup_stm32f4xx.o
CRYP_ITConfig                                     out/stm32f4xx_cryp.o
CRYP_IVInit                                       out/stm32f4xx_cryp.o
                                                  out/stm32f4xx_cryp_tdes.o
                                                  out/stm32f4xx_cryp_des.o
                                                  out/stm32f4xx_cryp_aes.o
CRYP_IVStructInit                                 out/stm32f4xx_cryp.o
CRYP_Init                                         out/stm32f4xx_cryp.o
                                                  out/stm32f4xx_cryp_tdes.o
                                                  out/stm32f4xx_cryp_des.o
                                                  out/stm32f4xx_cryp_aes.o
CRYP_KeyInit                                      out/stm32f4xx_cryp.o
                                                  out/stm32f4xx_cryp_tdes.o
                                                  out/stm32f4xx_cryp_des.o
                                                  out/stm32f4xx_cryp_aes.o
CRYP_KeyStructInit                                out/stm32f4xx_cryp.o
                                                  out/stm32f4xx_cryp_tdes.o
                                                  out/stm32f4xx_cryp_des.o
                                                  out/stm32f4xx_cryp_aes.o
CRYP_RestoreContext                               out/stm32f4xx_cryp.o
CRYP_SaveContext                                  out/stm32f4xx_cryp.o
CRYP_StructInit                                   out/stm32f4xx_cryp.o
CRYP_TDES_CBC                                     out/stm32f4xx_cryp_tdes.o
CRYP_TDES_ECB                                     out/stm32f4xx_cryp_tdes.o
Codec_Init                                        out/stm32f4_discovery_audio_codec.o
Codec_TIMEOUT_UserCallback                        out/stm32f4_discovery_audio_codec.o
CurrAudioInterface                                out/stm32f4_discovery_audio_codec.o
CurrentPos                                        out/stm32f4_discovery_audio_codec.o
DAC_ClearFlag                                     out/stm32f4xx_dac.o
DAC_ClearITPendingBit                             out/stm32f4xx_dac.o
DAC_Cmd                                           out/stm32f4xx_dac.o
                                                  out/stm32f4_discovery_audio_codec.o
DAC_Config                                        out/stm32f4_discovery_audio_codec.o
DAC_DMACmd                                        out/stm32f4xx_dac.o
DAC_DeInit                                        out/stm32f4xx_dac.o
DAC_DualSoftwareTriggerCmd                        out/stm32f4xx_dac.o
DAC_GetDataOutputValue                            out/stm32f4xx_dac.o
DAC_GetFlagStatus                                 out/stm32f4xx_dac.o
DAC_GetITStatus                                   out/stm32f4xx_dac.o
DAC_ITConfig                                      out/stm32f4xx_dac.o
DAC_Init                                          out/stm32f4xx_dac.o
                                                  out/stm32f4_discovery_audio_codec.o
DAC_SetChannel1Data                               out/stm32f4xx_dac.o
                                                  out/stm32f4_discovery_audio_codec.o
DAC_SetChannel2Data                               out/stm32f4xx_dac.o
DAC_SetDualChannelData                            out/stm32f4xx_dac.o
DAC_SoftwareTriggerCmd                            out/stm32f4xx_dac.o
DAC_StructInit                                    out/stm32f4xx_dac.o
DAC_WaveGenerationCmd                             out/stm32f4xx_dac.o
DBGMCU_APB1PeriphConfig                           out/stm32f4xx_dbgmcu.o
DBGMCU_APB2PeriphConfig                           out/stm32f4xx_dbgmcu.o
DBGMCU_Config                                     out/stm32f4xx_dbgmcu.o
DBGMCU_GetDEVID                                   out/stm32f4xx_dbgmcu.o
DBGMCU_GetREVID                                   out/stm32f4xx_dbgmcu.o
DCD_DevConnect                                    out/usb_dcd.o
DCD_DevDisconnect                                 out/usb_dcd.o
DCD_EP_Close                                      out/usb_dcd.o
                                                  out/usbd_audio_core.o
DCD_EP_ClrStall                                   out/usb_dcd.o
                                                  out/usbd_req.o
DCD_EP_Flush                                      out/usb_dcd.o
                                                  out/usbd_audio_core.o
DCD_EP_Open                                       out/usb_dcd.o
                                                  out/usbd_core.o
                                                  out/usbd_audio_core.o
DCD_EP_PrepareRx                                  out/usb_dcd.o
                                                  out/usbd_ioreq.o
DCD_EP_SetAddress                                 out/usb_dcd.o
                                                  out/usbd_req.o
DCD_EP_Stall                                      out/usb_dcd.o
                                                  out/usbd_req.o
                                                  out/usbd_core.o
DCD_EP_Tx                                         out/usb_dcd.o
                                                  out/usbd_ioreq.o
                                                  out/usbd_audio_core.o
DCD_GetEPStatus                                   out/usb_dcd.o
DCD_Init                                          out/usb_dcd.o
                                                  out/usbd_core.o
DCD_SetEPStatus                                   out/usb_dcd.o
DCMI_CROPCmd                                      out/stm32f4xx_dcmi.o
DCMI_CROPConfig                                   out/stm32f4xx_dcmi.o
DCMI_CaptureCmd                                   out/stm32f4xx_dcmi.o
DCMI_ClearFlag                                    out/stm32f4xx_dcmi.o
DCMI_ClearITPendingBit                            out/stm32f4xx_dcmi.o
DCMI_Cmd                                          out/stm32f4xx_dcmi.o
DCMI_DeInit                                       out/stm32f4xx_dcmi.o
DCMI_GetFlagStatus                                out/stm32f4xx_dcmi.o
DCMI_GetITStatus                                  out/stm32f4xx_dcmi.o
DCMI_IRQHandler                                   out/startup_stm32f4xx.o
DCMI_ITConfig                                     out/stm32f4xx_dcmi.o
DCMI_Init                                         out/stm32f4xx_dcmi.o
DCMI_JPEGCmd                                      out/stm32f4xx_dcmi.o
DCMI_ReadData                                     out/stm32f4xx_dcmi.o
DCMI_SetEmbeddedSynchroCodes                      out/stm32f4xx_dcmi.o
DCMI_StructInit                                   out/stm32f4xx_dcmi.o
DMA1_Stream0_IRQHandler                           out/stm32f4_discovery_audio_codec.o
                                                  out/startup_stm32f4xx.o
DMA1_Stream1_IRQHandler                           out/startup_stm32f4xx.o
DMA1_Stream2_IRQHandler                           out/startup_stm32f4xx.o
DMA1_Stream3_IRQHandler                           out/waverecorder.o
                                                  out/startup_stm32f4xx.o
DMA1_Stream4_IRQHandler                           out/startup_stm32f4xx.o
DMA1_Stream5_IRQHandler                           out/startup_stm32f4xx.o
DMA1_Stream6_IRQHandler                           out/startup_stm32f4xx.o
DMA1_Stream7_IRQHandler                           out/stm32f4_discovery_audio_codec.o
                                                  out/startup_stm32f4xx.o
DMA2_Stream0_IRQHandler                           out/startup_stm32f4xx.o
DMA2_Stream1_IRQHandler                           out/startup_stm32f4xx.o
DMA2_Stream2_IRQHandler                           out/startup_stm32f4xx.o
DMA2_Stream3_IRQHandler                           out/startup_stm32f4xx.o
DMA2_Stream4_IRQHandler                           out/startup_stm32f4xx.o
DMA2_Stream5_IRQHandler                           out/startup_stm32f4xx.o
DMA2_Stream6_IRQHandler                           out/startup_stm32f4xx.o
DMA2_Stream7_IRQHandler                           out/startup_stm32f4xx.o
DMA_ClearFlag                                     out/stm32f4xx_dma.o
                                                  out/stm32f4_discovery_audio_codec.o
                                                  out/waverecorder.o
DMA_ClearITPendingBit                             out/stm32f4xx_dma.o
DMA_Cmd                                           out/stm32f4xx_dma.o
                                                  out/stm32f4_discovery_audio_codec.o
                                                  out/waverecorder.o
DMA_DeInit                                        out/stm32f4xx_dma.o
                                                  out/stm32f4_discovery_audio_codec.o
                                                  out/waverecorder.o
DMA_DoubleBufferModeCmd                           out/stm32f4xx_dma.o
                                                  out/waverecorder.o
DMA_DoubleBufferModeConfig                        out/stm32f4xx_dma.o
                                                  out/waverecorder.o
DMA_FlowControllerConfig                          out/stm32f4xx_dma.o
DMA_GetCmdStatus                                  out/stm32f4xx_dma.o
                                                  out/stm32f4_discovery_audio_codec.o
DMA_GetCurrDataCounter                            out/stm32f4xx_dma.o
DMA_GetCurrentMemoryTarget                        out/stm32f4xx_dma.o
DMA_GetFIFOStatus                                 out/stm32f4xx_dma.o
DMA_GetFlagStatus                                 out/stm32f4xx_dma.o
                                                  out/stm32f4_discovery_audio_codec.o
                                                  out/waverecorder.o
DMA_GetITStatus                                   out/stm32f4xx_dma.o
DMA_ITConfig                                      out/stm32f4xx_dma.o
                                                  out/stm32f4_discovery_audio_codec.o
                                                  out/waverecorder.o
DMA_Init                                          out/stm32f4xx_dma.o
                                                  out/stm32f4_discovery_audio_codec.o
                                                  out/waverecorder.o
DMA_InitStructure                                 out/stm32f4_discovery_audio_codec.o
DMA_MemoryTargetConfig                            out/stm32f4xx_dma.o
DMA_PeriphIncOffsetSizeConfig                     out/stm32f4xx_dma.o
DMA_SetCurrDataCounter                            out/stm32f4xx_dma.o
DMA_StructInit                                    out/stm32f4xx_dma.o
DebugMon_Handler                                  out/stm32f4xx_it.o
                                                  out/startup_stm32f4xx.o
Default_Handler                                   out/startup_stm32f4xx.o
Delay                                             out/main.o
ETH_IRQHandler                                    out/startup_stm32f4xx.o
ETH_WKUP_IRQHandler                               out/startup_stm32f4xx.o
EVAL_AUDIO_DeInit                                 out/stm32f4_discovery_audio_codec.o
EVAL_AUDIO_GetSampleCallBack                      out/stm32f4_discovery_audio_codec.o
EVAL_AUDIO_Init                                   out/stm32f4_discovery_audio_codec.o
                                                  out/usbd_audio_out_if.o
                                                  out/main.o
EVAL_AUDIO_Mute                                   out/stm32f4_discovery_audio_codec.o
                                                  out/usbd_audio_out_if.o
EVAL_AUDIO_PauseResume                            out/stm32f4_discovery_audio_codec.o
                                                  out/usbd_audio_out_if.o
EVAL_AUDIO_Play                                   out/stm32f4_discovery_audio_codec.o
                                                  out/main.o
EVAL_AUDIO_SetAudioInterface                      out/stm32f4_discovery_audio_codec.o
EVAL_AUDIO_Stop                                   out/stm32f4_discovery_audio_codec.o
                                                  out/usbd_audio_out_if.o
EVAL_AUDIO_TransferComplete_CallBack              out/main.o